Archive member included because of file (symbol)

/opt/altera/11.1sp2/nios2eds/bin/gnu/H-i686-pc-linux-gnu/bin/../lib/gcc/nios2-elf/4.1.2/mno-hw-mul/libgcc.a(lib2-divmod.o)
                              obj/default/ff9/ff.o (__udivsi3)
/opt/altera/11.1sp2/nios2eds/bin/gnu/H-i686-pc-linux-gnu/bin/../lib/gcc/nios2-elf/4.1.2/mno-hw-mul/libgcc.a(lib2-mul.o)
                              obj/default/ff9/ff.o (__mulsi3)
../demo_de0_bsp//libhal_bsp.a(alt_alarm_start.o)
                              obj/default/demo_de0.o (alt_alarm_start)
../demo_de0_bsp//libhal_bsp.a(alt_irq_register.o)
                              obj/default/demo_de0.o (alt_irq_register)
../demo_de0_bsp//libhal_bsp.a(alt_irq_vars.o)
                              ../demo_de0_bsp//libhal_bsp.a(alt_irq_register.o) (alt_irq_active)
../demo_de0_bsp//libhal_bsp.a(alt_load.o)
                              ../demo_de0_bsp//obj/HAL/src/crt0.o (alt_load)
../demo_de0_bsp//libhal_bsp.a(alt_main.o)
                              ../demo_de0_bsp//obj/HAL/src/crt0.o (alt_main)
../demo_de0_bsp//libhal_bsp.a(alt_tick.o)
                              obj/default/demo_de0.o (_alt_nticks)
../demo_de0_bsp//libhal_bsp.a(alt_sys_init.o)
                              ../demo_de0_bsp//libhal_bsp.a(alt_main.o) (alt_sys_init)
../demo_de0_bsp//libhal_bsp.a(altera_avalon_fifo_util.o)
                              obj/default/demo_de0.o (altera_avalon_fifo_init)
../demo_de0_bsp//libhal_bsp.a(altera_avalon_timer_sc.o)
                              ../demo_de0_bsp//libhal_bsp.a(alt_sys_init.o) (alt_avalon_timer_sc_init)
../demo_de0_bsp//libhal_bsp.a(m2vdd_hx8347a.o)
                              ../demo_de0_bsp//libhal_bsp.a(alt_sys_init.o) (m2vdd_hx8347a_init)
../demo_de0_bsp//libhal_bsp.a(m2vdec.o)
                              ../demo_de0_bsp//libhal_bsp.a(alt_sys_init.o) (m2vdec_init)
../demo_de0_bsp//libhal_bsp.a(alt_dcache_flush_all.o)
                              ../demo_de0_bsp//libhal_bsp.a(alt_load.o) (alt_dcache_flush_all)
../demo_de0_bsp//libhal_bsp.a(alt_icache_flush_all.o)
                              ../demo_de0_bsp//libhal_bsp.a(alt_load.o) (alt_icache_flush_all)
../demo_de0_bsp//libhal_bsp.a(alt_irq_entry.o)
                              ../demo_de0_bsp//libhal_bsp.a(alt_irq_register.o) (alt_irq_entry)
../demo_de0_bsp//libhal_bsp.a(alt_irq_handler.o)
                              ../demo_de0_bsp//libhal_bsp.a(alt_irq_register.o) (alt_irq_handler)
../demo_de0_bsp//libhal_bsp.a(altera_nios2_qsys_irq.o)
                              ../demo_de0_bsp//libhal_bsp.a(alt_sys_init.o) (altera_nios2_qsys_irq_init)
../demo_de0_bsp//libhal_bsp.a(alt_exception_entry.o)
                              ../demo_de0_bsp//libhal_bsp.a(alt_irq_entry.o) (alt_exception)

Allocating common symbols
Common symbol       size              file

alt_irq             0x100             ../demo_de0_bsp//libhal_bsp.a(alt_irq_handler.o)
fr_flags            0x4               obj/default/demo_de0.o
al_frate            0x18              obj/default/demo_de0.o

Memory Configuration

Name             Origin             Length             Attributes
ram_0            0x00000000         0x00002000
reset            0x0f000000         0x00000020
rom_0            0x0f000020         0x003fffe0
*default*        0x00000000         0xffffffff

Linker script and memory map

LOAD ../demo_de0_bsp//obj/HAL/src/crt0.o
                0x0f00000c                exit = _exit
LOAD obj/default/demo_de0.o
LOAD obj/default/ff9/diskio.o
LOAD obj/default/ff9/ff.o
LOAD /opt/altera/11.1sp2/nios2eds/bin/gnu/H-i686-pc-linux-gnu/bin/../lib/gcc/nios2-elf/4.1.2/../../../../nios2-elf/lib/mno-hw-mul/libstdc++.a
LOAD /opt/altera/11.1sp2/nios2eds/bin/gnu/H-i686-pc-linux-gnu/bin/../lib/gcc/nios2-elf/4.1.2/../../../../nios2-elf/lib/mno-hw-mul/libm.a
LOAD /opt/altera/11.1sp2/nios2eds/bin/gnu/H-i686-pc-linux-gnu/bin/../lib/gcc/nios2-elf/4.1.2/mno-hw-mul/libgcc.a
START GROUP
LOAD /opt/altera/11.1sp2/nios2eds/bin/gnu/H-i686-pc-linux-gnu/bin/../lib/gcc/nios2-elf/4.1.2/../../../../nios2-elf/lib/mno-hw-mul/libsmallc.a
LOAD /opt/altera/11.1sp2/nios2eds/bin/gnu/H-i686-pc-linux-gnu/bin/../lib/gcc/nios2-elf/4.1.2/mno-hw-mul/libgcc.a
LOAD ../demo_de0_bsp//libhal_bsp.a
END GROUP
LOAD /opt/altera/11.1sp2/nios2eds/bin/gnu/H-i686-pc-linux-gnu/bin/../lib/gcc/nios2-elf/4.1.2/mno-hw-mul/libgcc.a
                0x00000000                __alt_mem_ram_0 = 0x0
                0x0f000000                __alt_mem_rom_0 = 0xf000000

.entry          0x0f000000       0x20
 *(.entry)
 .entry         0x0f000000       0x20 ../demo_de0_bsp//obj/HAL/src/crt0.o
                0x0f000000                __reset
                0x0f00000c                _exit

.exceptions     0x0f000020      0x1c8
                0x0f000020                PROVIDE (__ram_exceptions_start, ABSOLUTE (.))
                0x0f000020                . = ALIGN (0x20)
 *(.irq)
 *(.exceptions.entry.label)
 .exceptions.entry.label
                0x0f000020        0x0 ../demo_de0_bsp//libhal_bsp.a(alt_irq_entry.o)
                0x0f000020                alt_irq_entry
 .exceptions.entry.label
                0x0f000020        0x0 ../demo_de0_bsp//libhal_bsp.a(alt_exception_entry.o)
                0x0f000020                alt_exception
 *(.exceptions.entry.user)
 *(.exceptions.entry)
 .exceptions.entry
                0x0f000020       0x54 ../demo_de0_bsp//libhal_bsp.a(alt_exception_entry.o)
 *(.exceptions.irqtest.user)
 *(.exceptions.irqtest)
 .exceptions.irqtest
                0x0f000074       0x10 ../demo_de0_bsp//libhal_bsp.a(alt_irq_entry.o)
 *(.exceptions.irqhandler.user)
 *(.exceptions.irqhandler)
 .exceptions.irqhandler
                0x0f000084        0x4 ../demo_de0_bsp//libhal_bsp.a(alt_irq_entry.o)
 *(.exceptions.irqreturn.user)
 *(.exceptions.irqreturn)
 .exceptions.irqreturn
                0x0f000088        0x4 ../demo_de0_bsp//libhal_bsp.a(alt_irq_entry.o)
 *(.exceptions.notirq.label)
 .exceptions.notirq.label
                0x0f00008c        0x0 ../demo_de0_bsp//libhal_bsp.a(alt_irq_entry.o)
 *(.exceptions.notirq.user)
 *(.exceptions.notirq)
 .exceptions.notirq
                0x0f00008c        0x8 ../demo_de0_bsp//libhal_bsp.a(alt_exception_entry.o)
 *(.exceptions.soft.user)
 *(.exceptions.soft)
 *(.exceptions.unknown.user)
 *(.exceptions.unknown)
 .exceptions.unknown
                0x0f000094        0x4 ../demo_de0_bsp//libhal_bsp.a(alt_exception_entry.o)
 *(.exceptions.exit.label)
 .exceptions.exit.label
                0x0f000098        0x0 ../demo_de0_bsp//libhal_bsp.a(alt_irq_entry.o)
 .exceptions.exit.label
                0x0f000098        0x0 ../demo_de0_bsp//libhal_bsp.a(alt_exception_entry.o)
 *(.exceptions.exit.user)
 *(.exceptions.exit)
 .exceptions.exit
                0x0f000098       0x54 ../demo_de0_bsp//libhal_bsp.a(alt_exception_entry.o)
 *(.exceptions)
 .exceptions    0x0f0000ec       0xa0 obj/default/demo_de0.o
 .exceptions    0x0f00018c       0x5c ../demo_de0_bsp//libhal_bsp.a(alt_irq_handler.o)
                0x0f00018c                alt_irq_handler
                0x0f0001e8                PROVIDE (__ram_exceptions_end, ABSOLUTE (.))
                0x0f000020                PROVIDE (__flash_exceptions_start, LOADADDR (.exceptions))

.text           0x0f0001e8     0x20f0
                0x0f0001e8                PROVIDE (stext, ABSOLUTE (.))
 *(.interp)
 *(.hash)
 *(.dynsym)
 *(.dynstr)
 *(.gnu.version)
 *(.gnu.version_d)
 *(.gnu.version_r)
 *(.rel.init)
 *(.rela.init)
 *(.rel.text .rel.text.* .rel.gnu.linkonce.t.*)
 *(.rela.text .rela.text.* .rela.gnu.linkonce.t.*)
 *(.rel.fini)
 *(.rela.fini)
 *(.rel.rodata .rel.rodata.* .rel.gnu.linkonce.r.*)
 *(.rela.rodata .rela.rodata.* .rela.gnu.linkonce.r.*)
 *(.rel.data .rel.data.* .rel.gnu.linkonce.d.*)
 *(.rela.data .rela.data.* .rela.gnu.linkonce.d.*)
 *(.rel.tdata .rel.tdata.* .rel.gnu.linkonce.td.*)
 *(.rela.tdata .rela.tdata.* .rela.gnu.linkonce.td.*)
 *(.rel.tbss .rel.tbss.* .rel.gnu.linkonce.tb.*)
 *(.rela.tbss .rela.tbss.* .rela.gnu.linkonce.tb.*)
 *(.rel.ctors)
 *(.rela.ctors)
 *(.rel.dtors)
 *(.rela.dtors)
 *(.rel.got)
 *(.rela.got)
 *(.rel.sdata .rel.sdata.* .rel.gnu.linkonce.s.*)
 *(.rela.sdata .rela.sdata.* .rela.gnu.linkonce.s.*)
 *(.rel.sbss .rel.sbss.* .rel.gnu.linkonce.sb.*)
 *(.rela.sbss .rela.sbss.* .rela.gnu.linkonce.sb.*)
 *(.rel.sdata2 .rel.sdata2.* .rel.gnu.linkonce.s2.*)
 *(.rela.sdata2 .rela.sdata2.* .rela.gnu.linkonce.s2.*)
 *(.rel.sbss2 .rel.sbss2.* .rel.gnu.linkonce.sb2.*)
 *(.rela.sbss2 .rela.sbss2.* .rela.gnu.linkonce.sb2.*)
 *(.rel.bss .rel.bss.* .rel.gnu.linkonce.b.*)
 *(.rela.bss .rela.bss.* .rela.gnu.linkonce.b.*)
 *(.rel.plt)
 *(.rela.plt)
 *(.rel.dyn)
 *(.init)
 *(.plt)
 *(.text .stub .text.* .gnu.linkonce.t.*)
 .text          0x0f0001e8       0x3c ../demo_de0_bsp//obj/HAL/src/crt0.o
                0x0f0001e8                _start
 .text          0x0f000224      0x294 obj/default/demo_de0.o
                0x0f000224                main
 .text          0x0f0004b8      0x600 obj/default/ff9/diskio.o
                0x0f0004b8                disk_status
                0x0f0004d0                disk_timerproc
                0x0f00051c                disk_inittimer
                0x0f0007e8                disk_read
                0x0f0008d0                disk_initialize
 .text          0x0f000ab8      0xf8c obj/default/ff9/ff.o
                0x0f000ab8                clust2sect
                0x0f000b04                f_mount
                0x0f000b84                f_close
                0x0f000d00                get_fat
                0x0f000e84                f_read
                0x0f0011cc                f_open
 .text          0x0f001a44      0x14c /opt/altera/11.1sp2/nios2eds/bin/gnu/H-i686-pc-linux-gnu/bin/../lib/gcc/nios2-elf/4.1.2/mno-hw-mul/libgcc.a(lib2-divmod.o)
                0x0f001ac0                __divsi3
                0x0f001b20                __modsi3
                0x0f001b80                __udivsi3
                0x0f001b88                __umodsi3
 .text          0x0f001b90       0x38 /opt/altera/11.1sp2/nios2eds/bin/gnu/H-i686-pc-linux-gnu/bin/../lib/gcc/nios2-elf/4.1.2/mno-hw-mul/libgcc.a(lib2-mul.o)
                0x0f001b90                __mulsi3
 .text          0x0f001bc8       0x90 ../demo_de0_bsp//libhal_bsp.a(alt_alarm_start.o)
                0x0f001bc8                alt_alarm_start
 .text          0x0f001c58       0xa0 ../demo_de0_bsp//libhal_bsp.a(alt_irq_register.o)
                0x0f001c58                alt_irq_register
 .text          0x0f001cf8        0x0 ../demo_de0_bsp//libhal_bsp.a(alt_irq_vars.o)
 .text          0x0f001cf8       0x8c ../demo_de0_bsp//libhal_bsp.a(alt_load.o)
                0x0f001d18                alt_load
 .text          0x0f001d84       0x2c ../demo_de0_bsp//libhal_bsp.a(alt_main.o)
                0x0f001d84                alt_main
 .text          0x0f001db0       0xe0 ../demo_de0_bsp//libhal_bsp.a(alt_tick.o)
                0x0f001db0                alt_alarm_stop
                0x0f001de4                alt_tick
 .text          0x0f001e90       0x58 ../demo_de0_bsp//libhal_bsp.a(alt_sys_init.o)
                0x0f001e90                alt_sys_init
                0x0f001ec8                alt_irq_init
 .text          0x0f001ee8      0x298 ../demo_de0_bsp//libhal_bsp.a(altera_avalon_fifo_util.o)
                0x0f001ee8                altera_avalon_fifo_read_backpressure
                0x0f001ef0                altera_avalon_fifo_read_other_info
                0x0f001ef8                altera_avalon_fifo_read_level
                0x0f001f00                altera_avalon_fifo_read_event
                0x0f001f0c                altera_avalon_fifo_read_almostempty
                0x0f001f14                altera_avalon_fifo_read_almostfull
                0x0f001f1c                altera_avalon_fifo_read_ienable
                0x0f001f28                altera_avalon_fifo_read_status
                0x0f001f34                altera_avalon_fifo_read_fifo
                0x0f001f70                altera_avalon_read_fifo
                0x0f001fd8                altera_avalon_fifo_write_other_info
                0x0f002024                altera_avalon_fifo_write_fifo
                0x0f002070                altera_avalon_fifo_write_almostempty
                0x0f002090                altera_avalon_fifo_write_almostfull
                0x0f0020b0                altera_avalon_fifo_write_ienable
                0x0f0020d0                altera_avalon_fifo_clear_event
                0x0f0020ec                altera_avalon_fifo_init
 .text          0x0f002180       0x6c ../demo_de0_bsp//libhal_bsp.a(altera_avalon_timer_sc.o)
                0x0f002180                alt_avalon_timer_sc_init
 .text          0x0f0021ec       0xd8 ../demo_de0_bsp//libhal_bsp.a(m2vdd_hx8347a.o)
                0x0f0021ec                m2vdd_hx8347a_write_reg
                0x0f002214                m2vdd_hx8347a_init
 .text          0x0f0022c4        0x4 ../demo_de0_bsp//libhal_bsp.a(m2vdec.o)
                0x0f0022c4                m2vdec_init
 .text          0x0f0022c8        0x4 ../demo_de0_bsp//libhal_bsp.a(alt_dcache_flush_all.o)
                0x0f0022c8                alt_dcache_flush_all
 .text          0x0f0022cc        0x4 ../demo_de0_bsp//libhal_bsp.a(alt_icache_flush_all.o)
                0x0f0022cc                alt_icache_flush_all
 .text          0x0f0022d0        0x0 ../demo_de0_bsp//libhal_bsp.a(alt_irq_entry.o)
 .text          0x0f0022d0        0x0 ../demo_de0_bsp//libhal_bsp.a(alt_irq_handler.o)
 .text          0x0f0022d0        0x8 ../demo_de0_bsp//libhal_bsp.a(altera_nios2_qsys_irq.o)
                0x0f0022d0                altera_nios2_qsys_irq_init
 .text          0x0f0022d8        0x0 ../demo_de0_bsp//libhal_bsp.a(alt_exception_entry.o)
 *(.gnu.warning.*)
 *(.fini)
                0x0f0022d8                PROVIDE (__etext, ABSOLUTE (.))
                0x0f0022d8                PROVIDE (_etext, ABSOLUTE (.))
                0x0f0022d8                PROVIDE (etext, ABSOLUTE (.))
 *(.eh_frame_hdr)
                0x0f0022d8                . = ALIGN (0x4)
                0x0f0022d8                PROVIDE (__preinit_array_start, ABSOLUTE (.))
 *(.preinit_array)
                0x0f0022d8                PROVIDE (__preinit_array_end, ABSOLUTE (.))
                0x0f0022d8                PROVIDE (__init_array_start, ABSOLUTE (.))
 *(.init_array)
                0x0f0022d8                PROVIDE (__init_array_end, ABSOLUTE (.))
                0x0f0022d8                PROVIDE (__fini_array_start, ABSOLUTE (.))
 *(.fini_array)
                0x0f0022d8                PROVIDE (__fini_array_end, ABSOLUTE (.))
 *(.eh_frame)
 *(.gcc_except_table)
 *(.dynamic)
                0x0f0022d8                PROVIDE (__CTOR_LIST__, ABSOLUTE (.))
 *(.ctors)
 *(SORT(.ctors.*))
                0x0f0022d8                PROVIDE (__CTOR_END__, ABSOLUTE (.))
                0x0f0022d8                PROVIDE (__DTOR_LIST__, ABSOLUTE (.))
 *(.dtors)
 *(SORT(.dtors.*))
                0x0f0022d8                PROVIDE (__DTOR_END__, ABSOLUTE (.))
 *(.jcr)
                0x0f0022d8                . = ALIGN (0x4)

.rodata         0x0f0022d8       0xc0
                0x0f0022d8                PROVIDE (__ram_rodata_start, ABSOLUTE (.))
                0x0f0022d8                . = ALIGN (0x4)
 *(.rodata .rodata.* .gnu.linkonce.r.*)
 .rodata.str1.4
                0x0f0022d8        0x9 obj/default/demo_de0.o
                                  0xc (size before relaxing)
 *fill*         0x0f0022e1        0x3 00
 .rodata.str1.4
                0x0f0022e4       0x10 obj/default/ff9/ff.o
 .rodata        0x0f0022f4       0xa2 ../demo_de0_bsp//libhal_bsp.a(m2vdd_hx8347a.o)
 *(.rodata1)
                0x0f002398                . = ALIGN (0x4)
 *fill*         0x0f002396        0x2 00
                0x0f002398                PROVIDE (__ram_rodata_end, ABSOLUTE (.))
                0x0f0022d8                PROVIDE (__flash_rodata_start, LOADADDR (.rodata))

.rwdata         0x00000000       0x18 load address 0x0f002398
                0x00000000                PROVIDE (__ram_rwdata_start, ABSOLUTE (.))
                0x00000000                . = ALIGN (0x4)
 *(.got.plt)
 *(.got)
 *(.data1)
 *(.data .data.* .gnu.linkonce.d.*)
 .data          0x00000000        0x0 ../demo_de0_bsp//obj/HAL/src/crt0.o
 .data          0x00000000        0x0 obj/default/demo_de0.o
 .data          0x00000000        0x0 obj/default/ff9/diskio.o
 .data          0x00000000        0x0 obj/default/ff9/ff.o
 .data          0x00000000        0x0 /opt/altera/11.1sp2/nios2eds/bin/gnu/H-i686-pc-linux-gnu/bin/../lib/gcc/nios2-elf/4.1.2/mno-hw-mul/libgcc.a(lib2-divmod.o)
 .data          0x00000000        0x0 /opt/altera/11.1sp2/nios2eds/bin/gnu/H-i686-pc-linux-gnu/bin/../lib/gcc/nios2-elf/4.1.2/mno-hw-mul/libgcc.a(lib2-mul.o)
 .data          0x00000000        0x0 ../demo_de0_bsp//libhal_bsp.a(alt_alarm_start.o)
 .data          0x00000000        0x0 ../demo_de0_bsp//libhal_bsp.a(alt_irq_register.o)
 .data          0x00000000        0x0 ../demo_de0_bsp//libhal_bsp.a(alt_irq_vars.o)
 .data          0x00000000        0x0 ../demo_de0_bsp//libhal_bsp.a(alt_load.o)
 .data          0x00000000        0x0 ../demo_de0_bsp//libhal_bsp.a(alt_main.o)
 .data          0x00000000        0x0 ../demo_de0_bsp//libhal_bsp.a(alt_tick.o)
 .data          0x00000000        0x0 ../demo_de0_bsp//libhal_bsp.a(alt_sys_init.o)
 .data          0x00000000        0x0 ../demo_de0_bsp//libhal_bsp.a(altera_avalon_fifo_util.o)
 .data          0x00000000        0x0 ../demo_de0_bsp//libhal_bsp.a(altera_avalon_timer_sc.o)
 .data          0x00000000        0x0 ../demo_de0_bsp//libhal_bsp.a(m2vdd_hx8347a.o)
 .data          0x00000000        0x0 ../demo_de0_bsp//libhal_bsp.a(m2vdec.o)
 .data          0x00000000        0x0 ../demo_de0_bsp//libhal_bsp.a(alt_dcache_flush_all.o)
 .data          0x00000000        0x0 ../demo_de0_bsp//libhal_bsp.a(alt_icache_flush_all.o)
 .data          0x00000000        0x0 ../demo_de0_bsp//libhal_bsp.a(alt_irq_entry.o)
 .data          0x00000000        0x0 ../demo_de0_bsp//libhal_bsp.a(alt_irq_handler.o)
 .data          0x00000000        0x0 ../demo_de0_bsp//libhal_bsp.a(altera_nios2_qsys_irq.o)
 .data          0x00000000        0x0 ../demo_de0_bsp//libhal_bsp.a(alt_exception_entry.o)
                0x00008000                _gp = ABSOLUTE ((. + 0x8000))
                0x00008000                PROVIDE (gp, _gp)
 *(.rwdata .rwdata.*)
 *(.sdata .sdata.* .gnu.linkonce.s.*)
 .sdata         0x00000000        0x1 obj/default/ff9/diskio.o
 *fill*         0x00000001        0x3 00
 .sdata         0x00000004        0x4 ../demo_de0_bsp//libhal_bsp.a(alt_irq_vars.o)
                0x00000004                alt_priority_mask
 .sdata         0x00000008        0x8 ../demo_de0_bsp//libhal_bsp.a(alt_tick.o)
                0x00000008                alt_alarm_list
 .sdata         0x00000010        0x8 ../demo_de0_bsp//libhal_bsp.a(alt_sys_init.o)
                0x00000010                m2vdd_hx8347a_0
                0x00000014                m2vdec_0
 *(.sdata2 .sdata2.* .gnu.linkonce.s2.*)
                0x00000018                . = ALIGN (0x4)
                0x00000018                _edata = ABSOLUTE (.)
                0x00000018                PROVIDE (edata, ABSOLUTE (.))
                0x00000018                PROVIDE (__ram_rwdata_end, ABSOLUTE (.))
                0x0f002398                PROVIDE (__flash_rwdata_start, LOADADDR (.rwdata))

.bss            0x00000018      0x160 load address 0x0f0023b0
                0x00000018                __bss_start = ABSOLUTE (.)
                0x00000018                PROVIDE (__sbss_start, ABSOLUTE (.))
                0x00000018                PROVIDE (___sbss_start, ABSOLUTE (.))
 *(.dynsbss)
 *(.sbss .sbss.* .gnu.linkonce.sb.*)
 .sbss          0x00000018        0x4 obj/default/demo_de0.o
                0x00000018                fr_flags
 .sbss          0x0000001c        0xc obj/default/ff9/diskio.o
 .sbss          0x00000028        0x8 obj/default/ff9/ff.o
 .sbss          0x00000030        0x4 ../demo_de0_bsp//libhal_bsp.a(alt_irq_vars.o)
                0x00000030                alt_irq_active
 .sbss          0x00000034        0xc ../demo_de0_bsp//libhal_bsp.a(alt_main.o)
                0x00000034                alt_argc
                0x00000038                alt_argv
                0x0000003c                alt_envp
 .sbss          0x00000040        0x8 ../demo_de0_bsp//libhal_bsp.a(alt_tick.o)
                0x00000040                _alt_tick_rate
                0x00000044                _alt_nticks
 *(.sbss2 .sbss2.* .gnu.linkonce.sb2.*)
 *(.scommon)
                0x00000048                PROVIDE (__sbss_end, ABSOLUTE (.))
                0x00000048                PROVIDE (___sbss_end, ABSOLUTE (.))
 *(.dynbss)
 *(.bss .bss.* .gnu.linkonce.b.*)
 .bss           0x00000048        0x0 ../demo_de0_bsp//obj/HAL/src/crt0.o
 .bss           0x00000048        0x0 obj/default/demo_de0.o
 .bss           0x00000048       0x18 obj/default/ff9/diskio.o
 .bss           0x00000060        0x0 obj/default/ff9/ff.o
 .bss           0x00000060        0x0 /opt/altera/11.1sp2/nios2eds/bin/gnu/H-i686-pc-linux-gnu/bin/../lib/gcc/nios2-elf/4.1.2/mno-hw-mul/libgcc.a(lib2-divmod.o)
 .bss           0x00000060        0x0 /opt/altera/11.1sp2/nios2eds/bin/gnu/H-i686-pc-linux-gnu/bin/../lib/gcc/nios2-elf/4.1.2/mno-hw-mul/libgcc.a(lib2-mul.o)
 .bss           0x00000060        0x0 ../demo_de0_bsp//libhal_bsp.a(alt_alarm_start.o)
 .bss           0x00000060        0x0 ../demo_de0_bsp//libhal_bsp.a(alt_irq_register.o)
 .bss           0x00000060        0x0 ../demo_de0_bsp//libhal_bsp.a(alt_irq_vars.o)
 .bss           0x00000060        0x0 ../demo_de0_bsp//libhal_bsp.a(alt_load.o)
 .bss           0x00000060        0x0 ../demo_de0_bsp//libhal_bsp.a(alt_main.o)
 .bss           0x00000060        0x0 ../demo_de0_bsp//libhal_bsp.a(alt_tick.o)
 .bss           0x00000060        0x0 ../demo_de0_bsp//libhal_bsp.a(alt_sys_init.o)
 .bss           0x00000060        0x0 ../demo_de0_bsp//libhal_bsp.a(altera_avalon_fifo_util.o)
 .bss           0x00000060        0x0 ../demo_de0_bsp//libhal_bsp.a(altera_avalon_timer_sc.o)
 .bss           0x00000060        0x0 ../demo_de0_bsp//libhal_bsp.a(m2vdd_hx8347a.o)
 .bss           0x00000060        0x0 ../demo_de0_bsp//libhal_bsp.a(m2vdec.o)
 .bss           0x00000060        0x0 ../demo_de0_bsp//libhal_bsp.a(alt_dcache_flush_all.o)
 .bss           0x00000060        0x0 ../demo_de0_bsp//libhal_bsp.a(alt_icache_flush_all.o)
 .bss           0x00000060        0x0 ../demo_de0_bsp//libhal_bsp.a(alt_irq_entry.o)
 .bss           0x00000060        0x0 ../demo_de0_bsp//libhal_bsp.a(alt_irq_handler.o)
 .bss           0x00000060        0x0 ../demo_de0_bsp//libhal_bsp.a(altera_nios2_qsys_irq.o)
 .bss           0x00000060        0x0 ../demo_de0_bsp//libhal_bsp.a(alt_exception_entry.o)
 *(COMMON)
 COMMON         0x00000060       0x18 obj/default/demo_de0.o
                0x00000060                al_frate
 COMMON         0x00000078      0x100 ../demo_de0_bsp//libhal_bsp.a(alt_irq_handler.o)
                0x00000078                alt_irq
                0x00000178                . = ALIGN (0x4)
                0x00000178                __bss_end = ABSOLUTE (.)

.ram_0          0x00000178        0x0 load address 0x0f0023b0
                0x00000178                PROVIDE (_alt_partition_ram_0_start, ABSOLUTE (.))
 *(.ram_0. ram_0.*)
                0x00000178                . = ALIGN (0x4)
                0x00000178                PROVIDE (_alt_partition_ram_0_end, ABSOLUTE (.))
                0x00000178                _end = ABSOLUTE (.)
                0x00000178                end = ABSOLUTE (.)
                0x00000178                __alt_stack_base = ABSOLUTE (.)
                0x0f0023b0                PROVIDE (_alt_partition_ram_0_load_addr, LOADADDR (.ram_0))

.rom_0          0x0f0023b0        0x0
                0x0f0023b0                PROVIDE (_alt_partition_rom_0_start, ABSOLUTE (.))
 *(.rom_0. rom_0.*)
                0x0f0023b0                . = ALIGN (0x4)
                0x0f0023b0                PROVIDE (_alt_partition_rom_0_end, ABSOLUTE (.))
                0x0f0023b0                PROVIDE (_alt_partition_rom_0_load_addr, LOADADDR (.rom_0))

.stab
 *(.stab)

.stabstr
 *(.stabstr)

.stab.excl
 *(.stab.excl)

.stab.exclstr
 *(.stab.exclstr)

.stab.index
 *(.stab.index)

.stab.indexstr
 *(.stab.indexstr)

.comment        0x00000000       0x26
 *(.comment)
 .comment       0x00000000       0x26 obj/default/demo_de0.o
                                 0x27 (size before relaxing)
 .comment       0x00000000       0x27 obj/default/ff9/diskio.o
 .comment       0x00000000       0x27 obj/default/ff9/ff.o
 .comment       0x00000000       0x27 /opt/altera/11.1sp2/nios2eds/bin/gnu/H-i686-pc-linux-gnu/bin/../lib/gcc/nios2-elf/4.1.2/mno-hw-mul/libgcc.a(lib2-divmod.o)
 .comment       0x00000000       0x27 /opt/altera/11.1sp2/nios2eds/bin/gnu/H-i686-pc-linux-gnu/bin/../lib/gcc/nios2-elf/4.1.2/mno-hw-mul/libgcc.a(lib2-mul.o)
 .comment       0x00000000       0x27 ../demo_de0_bsp//libhal_bsp.a(alt_alarm_start.o)
 .comment       0x00000000       0x27 ../demo_de0_bsp//libhal_bsp.a(alt_irq_register.o)
 .comment       0x00000000       0x27 ../demo_de0_bsp//libhal_bsp.a(alt_irq_vars.o)
 .comment       0x00000000       0x27 ../demo_de0_bsp//libhal_bsp.a(alt_load.o)
 .comment       0x00000000       0x27 ../demo_de0_bsp//libhal_bsp.a(alt_main.o)
 .comment       0x00000000       0x27 ../demo_de0_bsp//libhal_bsp.a(alt_tick.o)
 .comment       0x00000000       0x27 ../demo_de0_bsp//libhal_bsp.a(alt_sys_init.o)
 .comment       0x00000000       0x27 ../demo_de0_bsp//libhal_bsp.a(altera_avalon_fifo_util.o)
 .comment       0x00000000       0x27 ../demo_de0_bsp//libhal_bsp.a(altera_avalon_timer_sc.o)
 .comment       0x00000000       0x27 ../demo_de0_bsp//libhal_bsp.a(m2vdd_hx8347a.o)
 .comment       0x00000000       0x27 ../demo_de0_bsp//libhal_bsp.a(m2vdec.o)
 .comment       0x00000000       0x27 ../demo_de0_bsp//libhal_bsp.a(alt_dcache_flush_all.o)
 .comment       0x00000000       0x27 ../demo_de0_bsp//libhal_bsp.a(alt_icache_flush_all.o)
 .comment       0x00000000       0x27 ../demo_de0_bsp//libhal_bsp.a(alt_irq_handler.o)
 .comment       0x00000000       0x27 ../demo_de0_bsp//libhal_bsp.a(altera_nios2_qsys_irq.o)

.debug
 *(.debug)

.line
 *(.line)

.debug_srcinfo
 *(.debug_srcinfo)

.debug_sfnames
 *(.debug_sfnames)

.debug_aranges  0x00000000      0x308
 *(.debug_aranges)
 .debug_aranges
                0x00000000       0x28 ../demo_de0_bsp//obj/HAL/src/crt0.o
 .debug_aranges
                0x00000028       0x30 obj/default/demo_de0.o
 .debug_aranges
                0x00000058       0x20 obj/default/ff9/diskio.o
 .debug_aranges
                0x00000078       0x20 obj/default/ff9/ff.o
 .debug_aranges
                0x00000098       0x20 /opt/altera/11.1sp2/nios2eds/bin/gnu/H-i686-pc-linux-gnu/bin/../lib/gcc/nios2-elf/4.1.2/mno-hw-mul/libgcc.a(lib2-divmod.o)
 .debug_aranges
                0x000000b8       0x20 /opt/altera/11.1sp2/nios2eds/bin/gnu/H-i686-pc-linux-gnu/bin/../lib/gcc/nios2-elf/4.1.2/mno-hw-mul/libgcc.a(lib2-mul.o)
 .debug_aranges
                0x000000d8       0x20 ../demo_de0_bsp//libhal_bsp.a(alt_alarm_start.o)
 .debug_aranges
                0x000000f8       0x20 ../demo_de0_bsp//libhal_bsp.a(alt_irq_register.o)
 .debug_aranges
                0x00000118       0x20 ../demo_de0_bsp//libhal_bsp.a(alt_load.o)
 .debug_aranges
                0x00000138       0x20 ../demo_de0_bsp//libhal_bsp.a(alt_main.o)
 .debug_aranges
                0x00000158       0x20 ../demo_de0_bsp//libhal_bsp.a(alt_tick.o)
 .debug_aranges
                0x00000178       0x20 ../demo_de0_bsp//libhal_bsp.a(alt_sys_init.o)
 .debug_aranges
                0x00000198       0x20 ../demo_de0_bsp//libhal_bsp.a(altera_avalon_fifo_util.o)
 .debug_aranges
                0x000001b8       0x20 ../demo_de0_bsp//libhal_bsp.a(altera_avalon_timer_sc.o)
 .debug_aranges
                0x000001d8       0x20 ../demo_de0_bsp//libhal_bsp.a(m2vdd_hx8347a.o)
 .debug_aranges
                0x000001f8       0x20 ../demo_de0_bsp//libhal_bsp.a(m2vdec.o)
 .debug_aranges
                0x00000218       0x20 ../demo_de0_bsp//libhal_bsp.a(alt_dcache_flush_all.o)
 .debug_aranges
                0x00000238       0x20 ../demo_de0_bsp//libhal_bsp.a(alt_icache_flush_all.o)
 .debug_aranges
                0x00000258       0x30 ../demo_de0_bsp//libhal_bsp.a(alt_irq_entry.o)
 .debug_aranges
                0x00000288       0x28 ../demo_de0_bsp//libhal_bsp.a(alt_irq_handler.o)
 .debug_aranges
                0x000002b0       0x20 ../demo_de0_bsp//libhal_bsp.a(altera_nios2_qsys_irq.o)
 .debug_aranges
                0x000002d0       0x38 ../demo_de0_bsp//libhal_bsp.a(alt_exception_entry.o)

.debug_pubnames
                0x00000000      0x6d2
 *(.debug_pubnames)
 .debug_pubnames
                0x00000000       0x35 obj/default/demo_de0.o
 .debug_pubnames
                0x00000035       0x6a obj/default/ff9/diskio.o
 .debug_pubnames
                0x0000009f       0x5b obj/default/ff9/ff.o
 .debug_pubnames
                0x000000fa       0x48 /opt/altera/11.1sp2/nios2eds/bin/gnu/H-i686-pc-linux-gnu/bin/../lib/gcc/nios2-elf/4.1.2/mno-hw-mul/libgcc.a(lib2-divmod.o)
 .debug_pubnames
                0x00000142       0x1f /opt/altera/11.1sp2/nios2eds/bin/gnu/H-i686-pc-linux-gnu/bin/../lib/gcc/nios2-elf/4.1.2/mno-hw-mul/libgcc.a(lib2-mul.o)
 .debug_pubnames
                0x00000161       0x26 ../demo_de0_bsp//libhal_bsp.a(alt_alarm_start.o)
 .debug_pubnames
                0x00000187       0x27 ../demo_de0_bsp//libhal_bsp.a(alt_irq_register.o)
 .debug_pubnames
                0x000001ae       0x3b ../demo_de0_bsp//libhal_bsp.a(alt_irq_vars.o)
 .debug_pubnames
                0x000001e9       0x1f ../demo_de0_bsp//libhal_bsp.a(alt_load.o)
 .debug_pubnames
                0x00000208       0x46 ../demo_de0_bsp//libhal_bsp.a(alt_main.o)
 .debug_pubnames
                0x0000024e       0x68 ../demo_de0_bsp//libhal_bsp.a(alt_tick.o)
 .debug_pubnames
                0x000002b6       0x55 ../demo_de0_bsp//libhal_bsp.a(alt_sys_init.o)
 .debug_pubnames
                0x0000030b      0x278 ../demo_de0_bsp//libhal_bsp.a(altera_avalon_fifo_util.o)
 .debug_pubnames
                0x00000583       0x2f ../demo_de0_bsp//libhal_bsp.a(altera_avalon_timer_sc.o)
 .debug_pubnames
                0x000005b2       0x45 ../demo_de0_bsp//libhal_bsp.a(m2vdd_hx8347a.o)
 .debug_pubnames
                0x000005f7       0x22 ../demo_de0_bsp//libhal_bsp.a(m2vdec.o)
 .debug_pubnames
                0x00000619       0x2b ../demo_de0_bsp//libhal_bsp.a(alt_dcache_flush_all.o)
 .debug_pubnames
                0x00000644       0x2b ../demo_de0_bsp//libhal_bsp.a(alt_icache_flush_all.o)
 .debug_pubnames
                0x0000066f       0x32 ../demo_de0_bsp//libhal_bsp.a(alt_irq_handler.o)
 .debug_pubnames
                0x000006a1       0x31 ../demo_de0_bsp//libhal_bsp.a(altera_nios2_qsys_irq.o)

.debug_info     0x00000000     0x37c4
 *(.debug_info .gnu.linkonce.wi.*)
 .debug_info    0x00000000       0x71 ../demo_de0_bsp//obj/HAL/src/crt0.o
 .debug_info    0x00000071      0x5ec obj/default/demo_de0.o
 .debug_info    0x0000065d      0x548 obj/default/ff9/diskio.o
 .debug_info    0x00000ba5      0xd14 obj/default/ff9/ff.o
 .debug_info    0x000018b9      0x21c /opt/altera/11.1sp2/nios2eds/bin/gnu/H-i686-pc-linux-gnu/bin/../lib/gcc/nios2-elf/4.1.2/mno-hw-mul/libgcc.a(lib2-divmod.o)
 .debug_info    0x00001ad5       0xf3 /opt/altera/11.1sp2/nios2eds/bin/gnu/H-i686-pc-linux-gnu/bin/../lib/gcc/nios2-elf/4.1.2/mno-hw-mul/libgcc.a(lib2-mul.o)
 .debug_info    0x00001bc8      0x2de ../demo_de0_bsp//libhal_bsp.a(alt_alarm_start.o)
 .debug_info    0x00001ea6      0x2f9 ../demo_de0_bsp//libhal_bsp.a(alt_irq_register.o)
 .debug_info    0x0000219f       0x92 ../demo_de0_bsp//libhal_bsp.a(alt_irq_vars.o)
 .debug_info    0x00002231      0x12e ../demo_de0_bsp//libhal_bsp.a(alt_load.o)
 .debug_info    0x0000235f      0x14f ../demo_de0_bsp//libhal_bsp.a(alt_main.o)
 .debug_info    0x000024ae      0x2bb ../demo_de0_bsp//libhal_bsp.a(alt_tick.o)
 .debug_info    0x00002769      0x1e0 ../demo_de0_bsp//libhal_bsp.a(alt_sys_init.o)
 .debug_info    0x00002949      0x47e ../demo_de0_bsp//libhal_bsp.a(altera_avalon_fifo_util.o)
 .debug_info    0x00002dc7      0x247 ../demo_de0_bsp//libhal_bsp.a(altera_avalon_timer_sc.o)
 .debug_info    0x0000300e      0x298 ../demo_de0_bsp//libhal_bsp.a(m2vdd_hx8347a.o)
 .debug_info    0x000032a6       0xb0 ../demo_de0_bsp//libhal_bsp.a(m2vdec.o)
 .debug_info    0x00003356       0x8d ../demo_de0_bsp//libhal_bsp.a(alt_dcache_flush_all.o)
 .debug_info    0x000033e3       0x8d ../demo_de0_bsp//libhal_bsp.a(alt_icache_flush_all.o)
 .debug_info    0x00003470       0x7a ../demo_de0_bsp//libhal_bsp.a(alt_irq_entry.o)
 .debug_info    0x000034ea      0x1a3 ../demo_de0_bsp//libhal_bsp.a(alt_irq_handler.o)
 .debug_info    0x0000368d       0xb7 ../demo_de0_bsp//libhal_bsp.a(altera_nios2_qsys_irq.o)
 .debug_info    0x00003744       0x80 ../demo_de0_bsp//libhal_bsp.a(alt_exception_entry.o)

.debug_abbrev   0x00000000     0x158d
 *(.debug_abbrev)
 .debug_abbrev  0x00000000       0x12 ../demo_de0_bsp//obj/HAL/src/crt0.o
 .debug_abbrev  0x00000012      0x250 obj/default/demo_de0.o
 .debug_abbrev  0x00000262      0x27b obj/default/ff9/diskio.o
 .debug_abbrev  0x000004dd      0x23f obj/default/ff9/ff.o
 .debug_abbrev  0x0000071c       0xe0 /opt/altera/11.1sp2/nios2eds/bin/gnu/H-i686-pc-linux-gnu/bin/../lib/gcc/nios2-elf/4.1.2/mno-hw-mul/libgcc.a(lib2-divmod.o)
 .debug_abbrev  0x000007fc       0x7b /opt/altera/11.1sp2/nios2eds/bin/gnu/H-i686-pc-linux-gnu/bin/../lib/gcc/nios2-elf/4.1.2/mno-hw-mul/libgcc.a(lib2-mul.o)
 .debug_abbrev  0x00000877      0x179 ../demo_de0_bsp//libhal_bsp.a(alt_alarm_start.o)
 .debug_abbrev  0x000009f0      0x190 ../demo_de0_bsp//libhal_bsp.a(alt_irq_register.o)
 .debug_abbrev  0x00000b80       0x44 ../demo_de0_bsp//libhal_bsp.a(alt_irq_vars.o)
 .debug_abbrev  0x00000bc4       0x97 ../demo_de0_bsp//libhal_bsp.a(alt_load.o)
 .debug_abbrev  0x00000c5b       0xad ../demo_de0_bsp//libhal_bsp.a(alt_main.o)
 .debug_abbrev  0x00000d08      0x170 ../demo_de0_bsp//libhal_bsp.a(alt_tick.o)
 .debug_abbrev  0x00000e78       0xea ../demo_de0_bsp//libhal_bsp.a(alt_sys_init.o)
 .debug_abbrev  0x00000f62       0xb9 ../demo_de0_bsp//libhal_bsp.a(altera_avalon_fifo_util.o)
 .debug_abbrev  0x0000101b      0x158 ../demo_de0_bsp//libhal_bsp.a(altera_avalon_timer_sc.o)
 .debug_abbrev  0x00001173      0x163 ../demo_de0_bsp//libhal_bsp.a(m2vdd_hx8347a.o)
 .debug_abbrev  0x000012d6       0x80 ../demo_de0_bsp//libhal_bsp.a(m2vdec.o)
 .debug_abbrev  0x00001356       0x3f ../demo_de0_bsp//libhal_bsp.a(alt_dcache_flush_all.o)
 .debug_abbrev  0x00001395       0x3f ../demo_de0_bsp//libhal_bsp.a(alt_icache_flush_all.o)
 .debug_abbrev  0x000013d4       0x12 ../demo_de0_bsp//libhal_bsp.a(alt_irq_entry.o)
 .debug_abbrev  0x000013e6      0x131 ../demo_de0_bsp//libhal_bsp.a(alt_irq_handler.o)
 .debug_abbrev  0x00001517       0x64 ../demo_de0_bsp//libhal_bsp.a(altera_nios2_qsys_irq.o)
 .debug_abbrev  0x0000157b       0x12 ../demo_de0_bsp//libhal_bsp.a(alt_exception_entry.o)

.debug_line     0x00000000     0x3e8f
 *(.debug_line)
 .debug_line    0x00000000       0x66 ../demo_de0_bsp//obj/HAL/src/crt0.o
 .debug_line    0x00000066      0x47e obj/default/demo_de0.o
 .debug_line    0x000004e4      0x5bd obj/default/ff9/diskio.o
 .debug_line    0x00000aa1      0xbf5 obj/default/ff9/ff.o
 .debug_line    0x00001696      0x2c6 /opt/altera/11.1sp2/nios2eds/bin/gnu/H-i686-pc-linux-gnu/bin/../lib/gcc/nios2-elf/4.1.2/mno-hw-mul/libgcc.a(lib2-divmod.o)
 .debug_line    0x0000195c      0x191 /opt/altera/11.1sp2/nios2eds/bin/gnu/H-i686-pc-linux-gnu/bin/../lib/gcc/nios2-elf/4.1.2/mno-hw-mul/libgcc.a(lib2-mul.o)
 .debug_line    0x00001aed      0x2c9 ../demo_de0_bsp//libhal_bsp.a(alt_alarm_start.o)
 .debug_line    0x00001db6      0x2a0 ../demo_de0_bsp//libhal_bsp.a(alt_irq_register.o)
 .debug_line    0x00002056       0x72 ../demo_de0_bsp//libhal_bsp.a(alt_irq_vars.o)
 .debug_line    0x000020c8      0x225 ../demo_de0_bsp//libhal_bsp.a(alt_load.o)
 .debug_line    0x000022ed      0x2e4 ../demo_de0_bsp//libhal_bsp.a(alt_main.o)
 .debug_line    0x000025d1      0x319 ../demo_de0_bsp//libhal_bsp.a(alt_tick.o)
 .debug_line    0x000028ea      0x2fa ../demo_de0_bsp//libhal_bsp.a(alt_sys_init.o)
 .debug_line    0x00002be4      0x479 ../demo_de0_bsp//libhal_bsp.a(altera_avalon_fifo_util.o)
 .debug_line    0x0000305d      0x2de ../demo_de0_bsp//libhal_bsp.a(altera_avalon_timer_sc.o)
 .debug_line    0x0000333b      0x1db ../demo_de0_bsp//libhal_bsp.a(m2vdd_hx8347a.o)
 .debug_line    0x00003516       0x9a ../demo_de0_bsp//libhal_bsp.a(m2vdec.o)
 .debug_line    0x000035b0      0x1c3 ../demo_de0_bsp//libhal_bsp.a(alt_dcache_flush_all.o)
 .debug_line    0x00003773      0x1c3 ../demo_de0_bsp//libhal_bsp.a(alt_icache_flush_all.o)
 .debug_line    0x00003936       0x6b ../demo_de0_bsp//libhal_bsp.a(alt_irq_entry.o)
 .debug_line    0x000039a1      0x24e ../demo_de0_bsp//libhal_bsp.a(alt_irq_handler.o)
 .debug_line    0x00003bef      0x1f5 ../demo_de0_bsp//libhal_bsp.a(altera_nios2_qsys_irq.o)
 .debug_line    0x00003de4       0xab ../demo_de0_bsp//libhal_bsp.a(alt_exception_entry.o)

.debug_frame    0x00000000      0x688
 *(.debug_frame)
 .debug_frame   0x00000000       0x50 obj/default/demo_de0.o
 .debug_frame   0x00000050       0xe8 obj/default/ff9/diskio.o
 .debug_frame   0x00000138      0x130 obj/default/ff9/ff.o
 .debug_frame   0x00000268       0x70 /opt/altera/11.1sp2/nios2eds/bin/gnu/H-i686-pc-linux-gnu/bin/../lib/gcc/nios2-elf/4.1.2/mno-hw-mul/libgcc.a(lib2-divmod.o)
 .debug_frame   0x000002d8       0x20 /opt/altera/11.1sp2/nios2eds/bin/gnu/H-i686-pc-linux-gnu/bin/../lib/gcc/nios2-elf/4.1.2/mno-hw-mul/libgcc.a(lib2-mul.o)
 .debug_frame   0x000002f8       0x20 ../demo_de0_bsp//libhal_bsp.a(alt_alarm_start.o)
 .debug_frame   0x00000318       0x20 ../demo_de0_bsp//libhal_bsp.a(alt_irq_register.o)
 .debug_frame   0x00000338       0x38 ../demo_de0_bsp//libhal_bsp.a(alt_load.o)
 .debug_frame   0x00000370       0x28 ../demo_de0_bsp//libhal_bsp.a(alt_main.o)
 .debug_frame   0x00000398       0x3c ../demo_de0_bsp//libhal_bsp.a(alt_tick.o)
 .debug_frame   0x000003d4       0x40 ../demo_de0_bsp//libhal_bsp.a(alt_sys_init.o)
 .debug_frame   0x00000414      0x164 ../demo_de0_bsp//libhal_bsp.a(altera_avalon_fifo_util.o)
 .debug_frame   0x00000578       0x38 ../demo_de0_bsp//libhal_bsp.a(altera_avalon_timer_sc.o)
 .debug_frame   0x000005b0       0x30 ../demo_de0_bsp//libhal_bsp.a(m2vdd_hx8347a.o)
 .debug_frame   0x000005e0       0x20 ../demo_de0_bsp//libhal_bsp.a(m2vdec.o)
 .debug_frame   0x00000600       0x20 ../demo_de0_bsp//libhal_bsp.a(alt_dcache_flush_all.o)
 .debug_frame   0x00000620       0x20 ../demo_de0_bsp//libhal_bsp.a(alt_icache_flush_all.o)
 .debug_frame   0x00000640       0x28 ../demo_de0_bsp//libhal_bsp.a(alt_irq_handler.o)
 .debug_frame   0x00000668       0x20 ../demo_de0_bsp//libhal_bsp.a(altera_nios2_qsys_irq.o)

.debug_str      0x00000000      0xf23
 *(.debug_str)
 .debug_str     0x00000000      0x340 obj/default/demo_de0.o
                                0x3ba (size before relaxing)
 .debug_str     0x00000340      0x118 obj/default/ff9/diskio.o
                                0x293 (size before relaxing)
 .debug_str     0x00000458      0x130 obj/default/ff9/ff.o
                                0x3b3 (size before relaxing)
 .debug_str     0x00000588      0x110 /opt/altera/11.1sp2/nios2eds/bin/gnu/H-i686-pc-linux-gnu/bin/../lib/gcc/nios2-elf/4.1.2/mno-hw-mul/libgcc.a(lib2-divmod.o)
                                0x1b9 (size before relaxing)
 .debug_str     0x00000698       0x37 /opt/altera/11.1sp2/nios2eds/bin/gnu/H-i686-pc-linux-gnu/bin/../lib/gcc/nios2-elf/4.1.2/mno-hw-mul/libgcc.a(lib2-mul.o)
                                0x17a (size before relaxing)
 .debug_str     0x000006cf       0xeb ../demo_de0_bsp//libhal_bsp.a(alt_alarm_start.o)
                                0x253 (size before relaxing)
 .debug_str     0x000007ba       0x70 ../demo_de0_bsp//libhal_bsp.a(alt_irq_register.o)
                                0x1bc (size before relaxing)
 .debug_str     0x0000082a       0x17 ../demo_de0_bsp//libhal_bsp.a(alt_irq_vars.o)
                                0x103 (size before relaxing)
 .debug_str     0x00000841       0xe9 ../demo_de0_bsp//libhal_bsp.a(alt_load.o)
                                0x1c6 (size before relaxing)
 .debug_str     0x0000092a       0x51 ../demo_de0_bsp//libhal_bsp.a(alt_main.o)
                                0x173 (size before relaxing)
 .debug_str     0x0000097b       0x4a ../demo_de0_bsp//libhal_bsp.a(alt_tick.o)
                                0x227 (size before relaxing)
 .debug_str     0x000009c5       0xf1 ../demo_de0_bsp//libhal_bsp.a(alt_sys_init.o)
                                0x225 (size before relaxing)
 .debug_str     0x00000ab6      0x29d ../demo_de0_bsp//libhal_bsp.a(altera_avalon_fifo_util.o)
                                0x395 (size before relaxing)
 .debug_str     0x00000d53       0x7f ../demo_de0_bsp//libhal_bsp.a(altera_avalon_timer_sc.o)
                                0x219 (size before relaxing)
 .debug_str     0x00000dd2       0x53 ../demo_de0_bsp//libhal_bsp.a(m2vdd_hx8347a.o)
                                0x18e (size before relaxing)
 .debug_str     0x00000e25       0x21 ../demo_de0_bsp//libhal_bsp.a(m2vdec.o)
                                0x105 (size before relaxing)
 .debug_str     0x00000e46       0x34 ../demo_de0_bsp//libhal_bsp.a(alt_dcache_flush_all.o)
                                0x109 (size before relaxing)
 .debug_str     0x00000e7a       0x34 ../demo_de0_bsp//libhal_bsp.a(alt_icache_flush_all.o)
                                0x109 (size before relaxing)
 .debug_str     0x00000eae       0x3a ../demo_de0_bsp//libhal_bsp.a(alt_irq_handler.o)
                                0x16c (size before relaxing)
 .debug_str     0x00000ee8       0x3b ../demo_de0_bsp//libhal_bsp.a(altera_nios2_qsys_irq.o)
                                0x139 (size before relaxing)

.debug_loc      0x00000000     0x1da3
 *(.debug_loc)
 .debug_loc     0x00000000      0x117 obj/default/demo_de0.o
 .debug_loc     0x00000117      0x414 obj/default/ff9/diskio.o
 .debug_loc     0x0000052b      0xfe8 obj/default/ff9/ff.o
 .debug_loc     0x00001513      0x1d2 /opt/altera/11.1sp2/nios2eds/bin/gnu/H-i686-pc-linux-gnu/bin/../lib/gcc/nios2-elf/4.1.2/mno-hw-mul/libgcc.a(lib2-divmod.o)
 .debug_loc     0x000016e5       0x4f /opt/altera/11.1sp2/nios2eds/bin/gnu/H-i686-pc-linux-gnu/bin/../lib/gcc/nios2-elf/4.1.2/mno-hw-mul/libgcc.a(lib2-mul.o)
 .debug_loc     0x00001734       0x31 ../demo_de0_bsp//libhal_bsp.a(alt_alarm_start.o)
 .debug_loc     0x00001765       0x52 ../demo_de0_bsp//libhal_bsp.a(alt_irq_register.o)
 .debug_loc     0x000017b7       0x1f ../demo_de0_bsp//libhal_bsp.a(alt_load.o)
 .debug_loc     0x000017d6       0x1f ../demo_de0_bsp//libhal_bsp.a(alt_main.o)
 .debug_loc     0x000017f5       0x71 ../demo_de0_bsp//libhal_bsp.a(alt_tick.o)
 .debug_loc     0x00001866       0x51 ../demo_de0_bsp//libhal_bsp.a(alt_sys_init.o)
 .debug_loc     0x000018b7      0x357 ../demo_de0_bsp//libhal_bsp.a(altera_avalon_fifo_util.o)
 .debug_loc     0x00001c0e       0xba ../demo_de0_bsp//libhal_bsp.a(altera_avalon_timer_sc.o)
 .debug_loc     0x00001cc8       0x62 ../demo_de0_bsp//libhal_bsp.a(m2vdd_hx8347a.o)
 .debug_loc     0x00001d2a       0x79 ../demo_de0_bsp//libhal_bsp.a(alt_irq_handler.o)

.debug_macinfo
 *(.debug_macinfo)

.debug_weaknames
 *(.debug_weaknames)

.debug_funcnames
 *(.debug_funcnames)

.debug_typenames
 *(.debug_typenames)

.debug_varnames
 *(.debug_varnames)

.debug_alt_sim_info
                0x00000000       0x10
 *(.debug_alt_sim_info)
 .debug_alt_sim_info
                0x00000000       0x10 ../demo_de0_bsp//obj/HAL/src/crt0.o
                0x00002000                __alt_data_end = 0x2000
                0x00002000                PROVIDE (__alt_stack_pointer, __alt_data_end)
                0x00000178                PROVIDE (__alt_stack_limit, __alt_stack_base)
                0x00000178                PROVIDE (__alt_heap_start, end)
                0x00002000                PROVIDE (__alt_heap_limit, 0x2000)
OUTPUT(demo_de0.elf elf32-littlenios2)

.debug_ranges   0x00000000      0x270
 .debug_ranges  0x00000000       0x20 ../demo_de0_bsp//obj/HAL/src/crt0.o
 .debug_ranges  0x00000020       0x18 obj/default/ff9/diskio.o
 .debug_ranges  0x00000038      0x1b0 obj/default/ff9/ff.o
 .debug_ranges  0x000001e8       0x18 ../demo_de0_bsp//libhal_bsp.a(altera_avalon_timer_sc.o)
 .debug_ranges  0x00000200       0x28 ../demo_de0_bsp//libhal_bsp.a(alt_irq_entry.o)
 .debug_ranges  0x00000228       0x18 ../demo_de0_bsp//libhal_bsp.a(alt_irq_handler.o)
 .debug_ranges  0x00000240       0x30 ../demo_de0_bsp//libhal_bsp.a(alt_exception_entry.o)
