Archive member included because of file (symbol)

/opt/altera/11.1sp2/nios2eds/bin/gnu/H-i686-pc-linux-gnu/bin/../lib/gcc/nios2-elf/4.1.2/mno-hw-mul/libgcc.a(lib2-divmod.o)
                              obj/default/pff/pff.o (__udivsi3)
/opt/altera/11.1sp2/nios2eds/bin/gnu/H-i686-pc-linux-gnu/bin/../lib/gcc/nios2-elf/4.1.2/mno-hw-mul/libgcc.a(lib2-mul.o)
                              obj/default/pff/pff.o (__mulsi3)
../demo_de0_bsp//libhal_bsp.a(alt_alarm_start.o)
                              obj/default/demo_de0.o (alt_alarm_start)
../demo_de0_bsp//libhal_bsp.a(alt_irq_register.o)
                              obj/default/demo_de0.o (alt_irq_register)
../demo_de0_bsp//libhal_bsp.a(alt_irq_vars.o)
                              ../demo_de0_bsp//libhal_bsp.a(alt_irq_register.o) (alt_irq_active)
../demo_de0_bsp//libhal_bsp.a(alt_main.o)
                              ../demo_de0_bsp//obj/HAL/src/crt0.o (alt_main)
../demo_de0_bsp//libhal_bsp.a(alt_tick.o)
                              obj/default/demo_de0.o (_alt_nticks)
../demo_de0_bsp//libhal_bsp.a(alt_sys_init.o)
                              ../demo_de0_bsp//libhal_bsp.a(alt_main.o) (alt_sys_init)
../demo_de0_bsp//libhal_bsp.a(altera_avalon_fifo_util.o)
                              obj/default/demo_de0.o (altera_avalon_fifo_init)
../demo_de0_bsp//libhal_bsp.a(m2vdd_hx8347a.o)
                              ../demo_de0_bsp//libhal_bsp.a(alt_sys_init.o) (m2vdd_hx8347a_init)
../demo_de0_bsp//libhal_bsp.a(m2vdec.o)
                              ../demo_de0_bsp//libhal_bsp.a(alt_sys_init.o) (m2vdec_init)
../demo_de0_bsp//libhal_bsp.a(alt_irq_entry.o)
                              ../demo_de0_bsp//libhal_bsp.a(alt_irq_register.o) (alt_irq_entry)
../demo_de0_bsp//libhal_bsp.a(alt_irq_handler.o)
                              ../demo_de0_bsp//libhal_bsp.a(alt_irq_register.o) (alt_irq_handler)
../demo_de0_bsp//libhal_bsp.a(altera_nios2_qsys_irq.o)
                              ../demo_de0_bsp//libhal_bsp.a(alt_sys_init.o) (altera_nios2_qsys_irq_init)
../demo_de0_bsp//libhal_bsp.a(alt_exception_entry.o)
                              ../demo_de0_bsp//libhal_bsp.a(alt_irq_entry.o) (alt_exception)

Allocating common symbols
Common symbol       size              file

alt_irq             0x100             ../demo_de0_bsp//libhal_bsp.a(alt_irq_handler.o)
fr_flags            0x4               obj/default/demo_de0.o
al_frate            0x18              obj/default/demo_de0.o

Memory Configuration

Name             Origin             Length             Attributes
reset            0x00400000         0x00000020
rom_0            0x00400020         0x003fffe0
ram_0            0x01000000         0x00002000
*default*        0x00000000         0xffffffff

Linker script and memory map

LOAD ../demo_de0_bsp//obj/HAL/src/crt0.o
                0x00400000                exit = _exit
LOAD obj/default/demo_de0.o
LOAD obj/default/pff/diskio.o
LOAD obj/default/pff/pff.o
LOAD /opt/altera/11.1sp2/nios2eds/bin/gnu/H-i686-pc-linux-gnu/bin/../lib/gcc/nios2-elf/4.1.2/../../../../nios2-elf/lib/mno-hw-mul/libstdc++.a
LOAD /opt/altera/11.1sp2/nios2eds/bin/gnu/H-i686-pc-linux-gnu/bin/../lib/gcc/nios2-elf/4.1.2/../../../../nios2-elf/lib/mno-hw-mul/libm.a
LOAD /opt/altera/11.1sp2/nios2eds/bin/gnu/H-i686-pc-linux-gnu/bin/../lib/gcc/nios2-elf/4.1.2/mno-hw-mul/libgcc.a
START GROUP
LOAD /opt/altera/11.1sp2/nios2eds/bin/gnu/H-i686-pc-linux-gnu/bin/../lib/gcc/nios2-elf/4.1.2/../../../../nios2-elf/lib/mno-hw-mul/libsmallc.a
LOAD /opt/altera/11.1sp2/nios2eds/bin/gnu/H-i686-pc-linux-gnu/bin/../lib/gcc/nios2-elf/4.1.2/mno-hw-mul/libgcc.a
LOAD ../demo_de0_bsp//libhal_bsp.a
END GROUP
LOAD /opt/altera/11.1sp2/nios2eds/bin/gnu/H-i686-pc-linux-gnu/bin/../lib/gcc/nios2-elf/4.1.2/mno-hw-mul/libgcc.a
                0x00400000                __alt_mem_rom_0 = 0x400000
                0x01000000                __alt_mem_ram_0 = 0x1000000

.entry          0x00400000        0x0
 *(.entry)
 .entry         0x00400000        0x0 ../demo_de0_bsp//obj/HAL/src/crt0.o
                0x00400000                __reset
                0x00400000                _exit

.exceptions     0x00400020      0x1b4
                0x00400020                PROVIDE (__ram_exceptions_start, ABSOLUTE (.))
                0x00400020                . = ALIGN (0x20)
 *(.irq)
 *(.exceptions.entry.label)
 .exceptions.entry.label
                0x00400020        0x0 ../demo_de0_bsp//libhal_bsp.a(alt_irq_entry.o)
                0x00400020                alt_irq_entry
 .exceptions.entry.label
                0x00400020        0x0 ../demo_de0_bsp//libhal_bsp.a(alt_exception_entry.o)
                0x00400020                alt_exception
 *(.exceptions.entry.user)
 *(.exceptions.entry)
 .exceptions.entry
                0x00400020       0x54 ../demo_de0_bsp//libhal_bsp.a(alt_exception_entry.o)
 *(.exceptions.irqtest.user)
 *(.exceptions.irqtest)
 .exceptions.irqtest
                0x00400074       0x10 ../demo_de0_bsp//libhal_bsp.a(alt_irq_entry.o)
 *(.exceptions.irqhandler.user)
 *(.exceptions.irqhandler)
 .exceptions.irqhandler
                0x00400084        0x4 ../demo_de0_bsp//libhal_bsp.a(alt_irq_entry.o)
 *(.exceptions.irqreturn.user)
 *(.exceptions.irqreturn)
 .exceptions.irqreturn
                0x00400088        0x4 ../demo_de0_bsp//libhal_bsp.a(alt_irq_entry.o)
 *(.exceptions.notirq.label)
 .exceptions.notirq.label
                0x0040008c        0x0 ../demo_de0_bsp//libhal_bsp.a(alt_irq_entry.o)
 *(.exceptions.notirq.user)
 *(.exceptions.notirq)
 .exceptions.notirq
                0x0040008c        0x8 ../demo_de0_bsp//libhal_bsp.a(alt_exception_entry.o)
 *(.exceptions.soft.user)
 *(.exceptions.soft)
 *(.exceptions.unknown.user)
 *(.exceptions.unknown)
 .exceptions.unknown
                0x00400094        0x4 ../demo_de0_bsp//libhal_bsp.a(alt_exception_entry.o)
 *(.exceptions.exit.label)
 .exceptions.exit.label
                0x00400098        0x0 ../demo_de0_bsp//libhal_bsp.a(alt_irq_entry.o)
 .exceptions.exit.label
                0x00400098        0x0 ../demo_de0_bsp//libhal_bsp.a(alt_exception_entry.o)
 *(.exceptions.exit.user)
 *(.exceptions.exit)
 .exceptions.exit
                0x00400098       0x54 ../demo_de0_bsp//libhal_bsp.a(alt_exception_entry.o)
 *(.exceptions)
 .exceptions    0x004000ec       0x8c obj/default/demo_de0.o
 .exceptions    0x00400178       0x5c ../demo_de0_bsp//libhal_bsp.a(alt_irq_handler.o)
                0x00400178                alt_irq_handler
                0x004001d4                PROVIDE (__ram_exceptions_end, ABSOLUTE (.))
                0x00400020                PROVIDE (__flash_exceptions_start, LOADADDR (.exceptions))

.text           0x01000000     0x1954
                0x01000000                PROVIDE (stext, ABSOLUTE (.))
 *(.interp)
 *(.hash)
 *(.dynsym)
 *(.dynstr)
 *(.gnu.version)
 *(.gnu.version_d)
 *(.gnu.version_r)
 *(.rel.init)
 *(.rela.init)
 *(.rel.text .rel.text.* .rel.gnu.linkonce.t.*)
 *(.rela.text .rela.text.* .rela.gnu.linkonce.t.*)
 *(.rel.fini)
 *(.rela.fini)
 *(.rel.rodata .rel.rodata.* .rel.gnu.linkonce.r.*)
 *(.rela.rodata .rela.rodata.* .rela.gnu.linkonce.r.*)
 *(.rel.data .rel.data.* .rel.gnu.linkonce.d.*)
 *(.rela.data .rela.data.* .rela.gnu.linkonce.d.*)
 *(.rel.tdata .rel.tdata.* .rel.gnu.linkonce.td.*)
 *(.rela.tdata .rela.tdata.* .rela.gnu.linkonce.td.*)
 *(.rel.tbss .rel.tbss.* .rel.gnu.linkonce.tb.*)
 *(.rela.tbss .rela.tbss.* .rela.gnu.linkonce.tb.*)
 *(.rel.ctors)
 *(.rela.ctors)
 *(.rel.dtors)
 *(.rela.dtors)
 *(.rel.got)
 *(.rela.got)
 *(.rel.sdata .rel.sdata.* .rel.gnu.linkonce.s.*)
 *(.rela.sdata .rela.sdata.* .rela.gnu.linkonce.s.*)
 *(.rel.sbss .rel.sbss.* .rel.gnu.linkonce.sb.*)
 *(.rela.sbss .rela.sbss.* .rela.gnu.linkonce.sb.*)
 *(.rel.sdata2 .rel.sdata2.* .rel.gnu.linkonce.s2.*)
 *(.rela.sdata2 .rela.sdata2.* .rela.gnu.linkonce.s2.*)
 *(.rel.sbss2 .rel.sbss2.* .rel.gnu.linkonce.sb2.*)
 *(.rela.sbss2 .rela.sbss2.* .rela.gnu.linkonce.sb2.*)
 *(.rel.bss .rel.bss.* .rel.gnu.linkonce.b.*)
 *(.rela.bss .rela.bss.* .rela.gnu.linkonce.b.*)
 *(.rel.plt)
 *(.rela.plt)
 *(.rel.dyn)
 *(.init)
 *(.plt)
 *(.text .stub .text.* .gnu.linkonce.t.*)
 .text          0x01000000       0x38 ../demo_de0_bsp//obj/HAL/src/crt0.o
                0x01000000                _start
 .text          0x01000038      0x248 obj/default/demo_de0.o
                0x01000038                main
 .text          0x01000280      0x51c obj/default/pff/diskio.o
                0x01000280                disk_timerproc
                0x010002c8                disk_inittimer
                0x010004bc                disk_readp
                0x010005cc                disk_initialize
 .text          0x0100079c      0xa3c obj/default/pff/pff.o
                0x01000a4c                pf_read
                0x01000bd4                pf_open
                0x01000f2c                pf_mount
 .text          0x010011d8      0x14c /opt/altera/11.1sp2/nios2eds/bin/gnu/H-i686-pc-linux-gnu/bin/../lib/gcc/nios2-elf/4.1.2/mno-hw-mul/libgcc.a(lib2-divmod.o)
                0x01001254                __divsi3
                0x010012b4                __modsi3
                0x01001314                __udivsi3
                0x0100131c                __umodsi3
 .text          0x01001324       0x38 /opt/altera/11.1sp2/nios2eds/bin/gnu/H-i686-pc-linux-gnu/bin/../lib/gcc/nios2-elf/4.1.2/mno-hw-mul/libgcc.a(lib2-mul.o)
                0x01001324                __mulsi3
 .text          0x0100135c       0x90 ../demo_de0_bsp//libhal_bsp.a(alt_alarm_start.o)
                0x0100135c                alt_alarm_start
 .text          0x010013ec       0xa0 ../demo_de0_bsp//libhal_bsp.a(alt_irq_register.o)
                0x010013ec                alt_irq_register
 .text          0x0100148c        0x0 ../demo_de0_bsp//libhal_bsp.a(alt_irq_vars.o)
 .text          0x0100148c       0x2c ../demo_de0_bsp//libhal_bsp.a(alt_main.o)
                0x0100148c                alt_main
 .text          0x010014b8       0xe0 ../demo_de0_bsp//libhal_bsp.a(alt_tick.o)
                0x010014b8                alt_alarm_stop
                0x010014ec                alt_tick
 .text          0x01001598       0x40 ../demo_de0_bsp//libhal_bsp.a(alt_sys_init.o)
                0x01001598                alt_sys_init
                0x010015b8                alt_irq_init
 .text          0x010015d8      0x298 ../demo_de0_bsp//libhal_bsp.a(altera_avalon_fifo_util.o)
                0x010015d8                altera_avalon_fifo_read_backpressure
                0x010015e0                altera_avalon_fifo_read_other_info
                0x010015e8                altera_avalon_fifo_read_level
                0x010015f0                altera_avalon_fifo_read_event
                0x010015fc                altera_avalon_fifo_read_almostempty
                0x01001604                altera_avalon_fifo_read_almostfull
                0x0100160c                altera_avalon_fifo_read_ienable
                0x01001618                altera_avalon_fifo_read_status
                0x01001624                altera_avalon_fifo_read_fifo
                0x01001660                altera_avalon_read_fifo
                0x010016c8                altera_avalon_fifo_write_other_info
                0x01001714                altera_avalon_fifo_write_fifo
                0x01001760                altera_avalon_fifo_write_almostempty
                0x01001780                altera_avalon_fifo_write_almostfull
                0x010017a0                altera_avalon_fifo_write_ienable
                0x010017c0                altera_avalon_fifo_clear_event
                0x010017dc                altera_avalon_fifo_init
 .text          0x01001870       0xd8 ../demo_de0_bsp//libhal_bsp.a(m2vdd_hx8347a.o)
                0x01001870                m2vdd_hx8347a_write_reg
                0x01001898                m2vdd_hx8347a_init
 .text          0x01001948        0x4 ../demo_de0_bsp//libhal_bsp.a(m2vdec.o)
                0x01001948                m2vdec_init
 .text          0x0100194c        0x0 ../demo_de0_bsp//libhal_bsp.a(alt_irq_entry.o)
 .text          0x0100194c        0x0 ../demo_de0_bsp//libhal_bsp.a(alt_irq_handler.o)
 .text          0x0100194c        0x8 ../demo_de0_bsp//libhal_bsp.a(altera_nios2_qsys_irq.o)
                0x0100194c                altera_nios2_qsys_irq_init
 .text          0x01001954        0x0 ../demo_de0_bsp//libhal_bsp.a(alt_exception_entry.o)
 *(.gnu.warning.*)
 *(.fini)
                0x01001954                PROVIDE (__etext, ABSOLUTE (.))
                0x01001954                PROVIDE (_etext, ABSOLUTE (.))
                0x01001954                PROVIDE (etext, ABSOLUTE (.))
 *(.eh_frame_hdr)
                0x01001954                . = ALIGN (0x4)
                0x01001954                PROVIDE (__preinit_array_start, ABSOLUTE (.))
 *(.preinit_array)
                0x01001954                PROVIDE (__preinit_array_end, ABSOLUTE (.))
                0x01001954                PROVIDE (__init_array_start, ABSOLUTE (.))
 *(.init_array)
                0x01001954                PROVIDE (__init_array_end, ABSOLUTE (.))
                0x01001954                PROVIDE (__fini_array_start, ABSOLUTE (.))
 *(.fini_array)
                0x01001954                PROVIDE (__fini_array_end, ABSOLUTE (.))
 *(.eh_frame)
 *(.gcc_except_table)
 *(.dynamic)
                0x01001954                PROVIDE (__CTOR_LIST__, ABSOLUTE (.))
 *(.ctors)
 *(SORT(.ctors.*))
                0x01001954                PROVIDE (__CTOR_END__, ABSOLUTE (.))
                0x01001954                PROVIDE (__DTOR_LIST__, ABSOLUTE (.))
 *(.dtors)
 *(SORT(.dtors.*))
                0x01001954                PROVIDE (__DTOR_END__, ABSOLUTE (.))
 *(.jcr)
                0x01001954                . = ALIGN (0x4)

.rodata         0x01001954       0xb0
                0x01001954                PROVIDE (__ram_rodata_start, ABSOLUTE (.))
                0x01001954                . = ALIGN (0x4)
 *(.rodata .rodata.* .gnu.linkonce.r.*)
 .rodata.str1.4
                0x01001954        0xc obj/default/demo_de0.o
 .rodata        0x01001960       0xa2 ../demo_de0_bsp//libhal_bsp.a(m2vdd_hx8347a.o)
 *(.rodata1)
                0x01001a04                . = ALIGN (0x4)
 *fill*         0x01001a02        0x2 00
                0x01001a04                PROVIDE (__ram_rodata_end, ABSOLUTE (.))
                0x01001954                PROVIDE (__flash_rodata_start, LOADADDR (.rodata))

.rwdata         0x01001a04       0x1c
                0x01001a04                PROVIDE (__ram_rwdata_start, ABSOLUTE (.))
                0x01001a04                . = ALIGN (0x4)
 *(.got.plt)
 *(.got)
 *(.data1)
 *(.data .data.* .gnu.linkonce.d.*)
 .data          0x01001a04        0x0 ../demo_de0_bsp//obj/HAL/src/crt0.o
 .data          0x01001a04        0x0 obj/default/demo_de0.o
 .data          0x01001a04        0x0 obj/default/pff/diskio.o
 .data          0x01001a04        0x0 obj/default/pff/pff.o
 .data          0x01001a04        0x0 /opt/altera/11.1sp2/nios2eds/bin/gnu/H-i686-pc-linux-gnu/bin/../lib/gcc/nios2-elf/4.1.2/mno-hw-mul/libgcc.a(lib2-divmod.o)
 .data          0x01001a04        0x0 /opt/altera/11.1sp2/nios2eds/bin/gnu/H-i686-pc-linux-gnu/bin/../lib/gcc/nios2-elf/4.1.2/mno-hw-mul/libgcc.a(lib2-mul.o)
 .data          0x01001a04        0x0 ../demo_de0_bsp//libhal_bsp.a(alt_alarm_start.o)
 .data          0x01001a04        0x0 ../demo_de0_bsp//libhal_bsp.a(alt_irq_register.o)
 .data          0x01001a04        0x0 ../demo_de0_bsp//libhal_bsp.a(alt_irq_vars.o)
 .data          0x01001a04        0x0 ../demo_de0_bsp//libhal_bsp.a(alt_main.o)
 .data          0x01001a04        0x0 ../demo_de0_bsp//libhal_bsp.a(alt_tick.o)
 .data          0x01001a04        0x0 ../demo_de0_bsp//libhal_bsp.a(alt_sys_init.o)
 .data          0x01001a04        0x0 ../demo_de0_bsp//libhal_bsp.a(altera_avalon_fifo_util.o)
 .data          0x01001a04        0x0 ../demo_de0_bsp//libhal_bsp.a(m2vdd_hx8347a.o)
 .data          0x01001a04        0x0 ../demo_de0_bsp//libhal_bsp.a(m2vdec.o)
 .data          0x01001a04        0x0 ../demo_de0_bsp//libhal_bsp.a(alt_irq_entry.o)
 .data          0x01001a04        0x0 ../demo_de0_bsp//libhal_bsp.a(alt_irq_handler.o)
 .data          0x01001a04        0x0 ../demo_de0_bsp//libhal_bsp.a(altera_nios2_qsys_irq.o)
 .data          0x01001a04        0x0 ../demo_de0_bsp//libhal_bsp.a(alt_exception_entry.o)
                0x01009a04                _gp = ABSOLUTE ((. + 0x8000))
                0x01009a04                PROVIDE (gp, _gp)
 *(.rwdata .rwdata.*)
 *(.sdata .sdata.* .gnu.linkonce.s.*)
 .sdata         0x01001a04        0x4 obj/default/demo_de0.o
                0x01001a04                test_1mb_m2v
 .sdata         0x01001a08        0x1 obj/default/pff/diskio.o
 *fill*         0x01001a09        0x3 00
 .sdata         0x01001a0c        0x4 ../demo_de0_bsp//libhal_bsp.a(alt_irq_vars.o)
                0x01001a0c                alt_priority_mask
 .sdata         0x01001a10        0x8 ../demo_de0_bsp//libhal_bsp.a(alt_tick.o)
                0x01001a10                alt_alarm_list
 .sdata         0x01001a18        0x8 ../demo_de0_bsp//libhal_bsp.a(alt_sys_init.o)
                0x01001a18                m2vdd_hx8347a_0
                0x01001a1c                m2vdec_0
 *(.sdata2 .sdata2.* .gnu.linkonce.s2.*)
                0x01001a20                . = ALIGN (0x4)
                0x01001a20                _edata = ABSOLUTE (.)
                0x01001a20                PROVIDE (edata, ABSOLUTE (.))
                0x01001a20                PROVIDE (__ram_rwdata_end, ABSOLUTE (.))
                0x01001a04                PROVIDE (__flash_rwdata_start, LOADADDR (.rwdata))

.bss            0x01001a20      0x15c
                0x01001a20                __bss_start = ABSOLUTE (.)
                0x01001a20                PROVIDE (__sbss_start, ABSOLUTE (.))
                0x01001a20                PROVIDE (___sbss_start, ABSOLUTE (.))
 *(.dynsbss)
 *(.sbss .sbss.* .gnu.linkonce.sb.*)
 .sbss          0x01001a20        0x4 obj/default/demo_de0.o
                0x01001a20                fr_flags
 .sbss          0x01001a24        0xc obj/default/pff/diskio.o
 .sbss          0x01001a30        0x4 obj/default/pff/pff.o
 .sbss          0x01001a34        0x4 ../demo_de0_bsp//libhal_bsp.a(alt_irq_vars.o)
                0x01001a34                alt_irq_active
 .sbss          0x01001a38        0xc ../demo_de0_bsp//libhal_bsp.a(alt_main.o)
                0x01001a38                alt_argc
                0x01001a3c                alt_argv
                0x01001a40                alt_envp
 .sbss          0x01001a44        0x8 ../demo_de0_bsp//libhal_bsp.a(alt_tick.o)
                0x01001a44                _alt_tick_rate
                0x01001a48                _alt_nticks
 *(.sbss2 .sbss2.* .gnu.linkonce.sb2.*)
 *(.scommon)
                0x01001a4c                PROVIDE (__sbss_end, ABSOLUTE (.))
                0x01001a4c                PROVIDE (___sbss_end, ABSOLUTE (.))
 *(.dynbss)
 *(.bss .bss.* .gnu.linkonce.b.*)
 .bss           0x01001a4c        0x0 ../demo_de0_bsp//obj/HAL/src/crt0.o
 .bss           0x01001a4c        0x0 obj/default/demo_de0.o
 .bss           0x01001a4c       0x18 obj/default/pff/diskio.o
 .bss           0x01001a64        0x0 obj/default/pff/pff.o
 .bss           0x01001a64        0x0 /opt/altera/11.1sp2/nios2eds/bin/gnu/H-i686-pc-linux-gnu/bin/../lib/gcc/nios2-elf/4.1.2/mno-hw-mul/libgcc.a(lib2-divmod.o)
 .bss           0x01001a64        0x0 /opt/altera/11.1sp2/nios2eds/bin/gnu/H-i686-pc-linux-gnu/bin/../lib/gcc/nios2-elf/4.1.2/mno-hw-mul/libgcc.a(lib2-mul.o)
 .bss           0x01001a64        0x0 ../demo_de0_bsp//libhal_bsp.a(alt_alarm_start.o)
 .bss           0x01001a64        0x0 ../demo_de0_bsp//libhal_bsp.a(alt_irq_register.o)
 .bss           0x01001a64        0x0 ../demo_de0_bsp//libhal_bsp.a(alt_irq_vars.o)
 .bss           0x01001a64        0x0 ../demo_de0_bsp//libhal_bsp.a(alt_main.o)
 .bss           0x01001a64        0x0 ../demo_de0_bsp//libhal_bsp.a(alt_tick.o)
 .bss           0x01001a64        0x0 ../demo_de0_bsp//libhal_bsp.a(alt_sys_init.o)
 .bss           0x01001a64        0x0 ../demo_de0_bsp//libhal_bsp.a(altera_avalon_fifo_util.o)
 .bss           0x01001a64        0x0 ../demo_de0_bsp//libhal_bsp.a(m2vdd_hx8347a.o)
 .bss           0x01001a64        0x0 ../demo_de0_bsp//libhal_bsp.a(m2vdec.o)
 .bss           0x01001a64        0x0 ../demo_de0_bsp//libhal_bsp.a(alt_irq_entry.o)
 .bss           0x01001a64        0x0 ../demo_de0_bsp//libhal_bsp.a(alt_irq_handler.o)
 .bss           0x01001a64        0x0 ../demo_de0_bsp//libhal_bsp.a(altera_nios2_qsys_irq.o)
 .bss           0x01001a64        0x0 ../demo_de0_bsp//libhal_bsp.a(alt_exception_entry.o)
 *(COMMON)
 COMMON         0x01001a64       0x18 obj/default/demo_de0.o
                0x01001a64                al_frate
 COMMON         0x01001a7c      0x100 ../demo_de0_bsp//libhal_bsp.a(alt_irq_handler.o)
                0x01001a7c                alt_irq
                0x01001b7c                . = ALIGN (0x4)
                0x01001b7c                __bss_end = ABSOLUTE (.)

.rom_0          0x004001d4        0x0
                0x004001d4                PROVIDE (_alt_partition_rom_0_start, ABSOLUTE (.))
 *(.rom_0. rom_0.*)
                0x004001d4                . = ALIGN (0x4)
                0x004001d4                PROVIDE (_alt_partition_rom_0_end, ABSOLUTE (.))
                0x004001d4                PROVIDE (_alt_partition_rom_0_load_addr, LOADADDR (.rom_0))

.ram_0          0x01001b7c        0x0
                0x01001b7c                PROVIDE (_alt_partition_ram_0_start, ABSOLUTE (.))
 *(.ram_0. ram_0.*)
                0x01001b7c                . = ALIGN (0x4)
                0x01001b7c                PROVIDE (_alt_partition_ram_0_end, ABSOLUTE (.))
                0x01001b7c                _end = ABSOLUTE (.)
                0x01001b7c                end = ABSOLUTE (.)
                0x01001b7c                __alt_stack_base = ABSOLUTE (.)
                0x01001b7c                PROVIDE (_alt_partition_ram_0_load_addr, LOADADDR (.ram_0))

.stab
 *(.stab)

.stabstr
 *(.stabstr)

.stab.excl
 *(.stab.excl)

.stab.exclstr
 *(.stab.exclstr)

.stab.index
 *(.stab.index)

.stab.indexstr
 *(.stab.indexstr)

.comment        0x00000000       0x26
 *(.comment)
 .comment       0x00000000       0x26 obj/default/demo_de0.o
                                 0x27 (size before relaxing)
 .comment       0x00000000       0x27 obj/default/pff/diskio.o
 .comment       0x00000000       0x27 obj/default/pff/pff.o
 .comment       0x00000000       0x27 /opt/altera/11.1sp2/nios2eds/bin/gnu/H-i686-pc-linux-gnu/bin/../lib/gcc/nios2-elf/4.1.2/mno-hw-mul/libgcc.a(lib2-divmod.o)
 .comment       0x00000000       0x27 /opt/altera/11.1sp2/nios2eds/bin/gnu/H-i686-pc-linux-gnu/bin/../lib/gcc/nios2-elf/4.1.2/mno-hw-mul/libgcc.a(lib2-mul.o)
 .comment       0x00000000       0x27 ../demo_de0_bsp//libhal_bsp.a(alt_alarm_start.o)
 .comment       0x00000000       0x27 ../demo_de0_bsp//libhal_bsp.a(alt_irq_register.o)
 .comment       0x00000000       0x27 ../demo_de0_bsp//libhal_bsp.a(alt_irq_vars.o)
 .comment       0x00000000       0x27 ../demo_de0_bsp//libhal_bsp.a(alt_main.o)
 .comment       0x00000000       0x27 ../demo_de0_bsp//libhal_bsp.a(alt_tick.o)
 .comment       0x00000000       0x27 ../demo_de0_bsp//libhal_bsp.a(alt_sys_init.o)
 .comment       0x00000000       0x27 ../demo_de0_bsp//libhal_bsp.a(altera_avalon_fifo_util.o)
 .comment       0x00000000       0x27 ../demo_de0_bsp//libhal_bsp.a(m2vdd_hx8347a.o)
 .comment       0x00000000       0x27 ../demo_de0_bsp//libhal_bsp.a(m2vdec.o)
 .comment       0x00000000       0x27 ../demo_de0_bsp//libhal_bsp.a(alt_irq_handler.o)
 .comment       0x00000000       0x27 ../demo_de0_bsp//libhal_bsp.a(altera_nios2_qsys_irq.o)

.debug
 *(.debug)

.line
 *(.line)

.debug_srcinfo
 *(.debug_srcinfo)

.debug_sfnames
 *(.debug_sfnames)

.debug_aranges  0x00000000      0x280
 *(.debug_aranges)
 .debug_aranges
                0x00000000       0x20 ../demo_de0_bsp//obj/HAL/src/crt0.o
 .debug_aranges
                0x00000020       0x30 obj/default/demo_de0.o
 .debug_aranges
                0x00000050       0x20 obj/default/pff/diskio.o
 .debug_aranges
                0x00000070       0x20 obj/default/pff/pff.o
 .debug_aranges
                0x00000090       0x20 /opt/altera/11.1sp2/nios2eds/bin/gnu/H-i686-pc-linux-gnu/bin/../lib/gcc/nios2-elf/4.1.2/mno-hw-mul/libgcc.a(lib2-divmod.o)
 .debug_aranges
                0x000000b0       0x20 /opt/altera/11.1sp2/nios2eds/bin/gnu/H-i686-pc-linux-gnu/bin/../lib/gcc/nios2-elf/4.1.2/mno-hw-mul/libgcc.a(lib2-mul.o)
 .debug_aranges
                0x000000d0       0x20 ../demo_de0_bsp//libhal_bsp.a(alt_alarm_start.o)
 .debug_aranges
                0x000000f0       0x20 ../demo_de0_bsp//libhal_bsp.a(alt_irq_register.o)
 .debug_aranges
                0x00000110       0x20 ../demo_de0_bsp//libhal_bsp.a(alt_main.o)
 .debug_aranges
                0x00000130       0x20 ../demo_de0_bsp//libhal_bsp.a(alt_tick.o)
 .debug_aranges
                0x00000150       0x20 ../demo_de0_bsp//libhal_bsp.a(alt_sys_init.o)
 .debug_aranges
                0x00000170       0x20 ../demo_de0_bsp//libhal_bsp.a(altera_avalon_fifo_util.o)
 .debug_aranges
                0x00000190       0x20 ../demo_de0_bsp//libhal_bsp.a(m2vdd_hx8347a.o)
 .debug_aranges
                0x000001b0       0x20 ../demo_de0_bsp//libhal_bsp.a(m2vdec.o)
 .debug_aranges
                0x000001d0       0x30 ../demo_de0_bsp//libhal_bsp.a(alt_irq_entry.o)
 .debug_aranges
                0x00000200       0x28 ../demo_de0_bsp//libhal_bsp.a(alt_irq_handler.o)
 .debug_aranges
                0x00000228       0x20 ../demo_de0_bsp//libhal_bsp.a(altera_nios2_qsys_irq.o)
 .debug_aranges
                0x00000248       0x38 ../demo_de0_bsp//libhal_bsp.a(alt_exception_entry.o)

.debug_pubnames
                0x00000000      0x60c
 *(.debug_pubnames)
 .debug_pubnames
                0x00000000       0x46 obj/default/demo_de0.o
 .debug_pubnames
                0x00000046       0x5b obj/default/pff/diskio.o
 .debug_pubnames
                0x000000a1       0x37 obj/default/pff/pff.o
 .debug_pubnames
                0x000000d8       0x48 /opt/altera/11.1sp2/nios2eds/bin/gnu/H-i686-pc-linux-gnu/bin/../lib/gcc/nios2-elf/4.1.2/mno-hw-mul/libgcc.a(lib2-divmod.o)
 .debug_pubnames
                0x00000120       0x1f /opt/altera/11.1sp2/nios2eds/bin/gnu/H-i686-pc-linux-gnu/bin/../lib/gcc/nios2-elf/4.1.2/mno-hw-mul/libgcc.a(lib2-mul.o)
 .debug_pubnames
                0x0000013f       0x26 ../demo_de0_bsp//libhal_bsp.a(alt_alarm_start.o)
 .debug_pubnames
                0x00000165       0x27 ../demo_de0_bsp//libhal_bsp.a(alt_irq_register.o)
 .debug_pubnames
                0x0000018c       0x3b ../demo_de0_bsp//libhal_bsp.a(alt_irq_vars.o)
 .debug_pubnames
                0x000001c7       0x46 ../demo_de0_bsp//libhal_bsp.a(alt_main.o)
 .debug_pubnames
                0x0000020d       0x68 ../demo_de0_bsp//libhal_bsp.a(alt_tick.o)
 .debug_pubnames
                0x00000275       0x55 ../demo_de0_bsp//libhal_bsp.a(alt_sys_init.o)
 .debug_pubnames
                0x000002ca      0x278 ../demo_de0_bsp//libhal_bsp.a(altera_avalon_fifo_util.o)
 .debug_pubnames
                0x00000542       0x45 ../demo_de0_bsp//libhal_bsp.a(m2vdd_hx8347a.o)
 .debug_pubnames
                0x00000587       0x22 ../demo_de0_bsp//libhal_bsp.a(m2vdec.o)
 .debug_pubnames
                0x000005a9       0x32 ../demo_de0_bsp//libhal_bsp.a(alt_irq_handler.o)
 .debug_pubnames
                0x000005db       0x31 ../demo_de0_bsp//libhal_bsp.a(altera_nios2_qsys_irq.o)

.debug_info     0x00000000     0x2dac
 *(.debug_info .gnu.linkonce.wi.*)
 .debug_info    0x00000000       0x75 ../demo_de0_bsp//obj/HAL/src/crt0.o
 .debug_info    0x00000075      0x4ee obj/default/demo_de0.o
 .debug_info    0x00000563      0x51e obj/default/pff/diskio.o
 .debug_info    0x00000a81      0x8af obj/default/pff/pff.o
 .debug_info    0x00001330      0x21c /opt/altera/11.1sp2/nios2eds/bin/gnu/H-i686-pc-linux-gnu/bin/../lib/gcc/nios2-elf/4.1.2/mno-hw-mul/libgcc.a(lib2-divmod.o)
 .debug_info    0x0000154c       0xf3 /opt/altera/11.1sp2/nios2eds/bin/gnu/H-i686-pc-linux-gnu/bin/../lib/gcc/nios2-elf/4.1.2/mno-hw-mul/libgcc.a(lib2-mul.o)
 .debug_info    0x0000163f      0x2de ../demo_de0_bsp//libhal_bsp.a(alt_alarm_start.o)
 .debug_info    0x0000191d      0x2f9 ../demo_de0_bsp//libhal_bsp.a(alt_irq_register.o)
 .debug_info    0x00001c16       0x92 ../demo_de0_bsp//libhal_bsp.a(alt_irq_vars.o)
 .debug_info    0x00001ca8      0x14f ../demo_de0_bsp//libhal_bsp.a(alt_main.o)
 .debug_info    0x00001df7      0x2bb ../demo_de0_bsp//libhal_bsp.a(alt_tick.o)
 .debug_info    0x000020b2      0x1e0 ../demo_de0_bsp//libhal_bsp.a(alt_sys_init.o)
 .debug_info    0x00002292      0x47e ../demo_de0_bsp//libhal_bsp.a(altera_avalon_fifo_util.o)
 .debug_info    0x00002710      0x298 ../demo_de0_bsp//libhal_bsp.a(m2vdd_hx8347a.o)
 .debug_info    0x000029a8       0xb0 ../demo_de0_bsp//libhal_bsp.a(m2vdec.o)
 .debug_info    0x00002a58       0x7a ../demo_de0_bsp//libhal_bsp.a(alt_irq_entry.o)
 .debug_info    0x00002ad2      0x1a3 ../demo_de0_bsp//libhal_bsp.a(alt_irq_handler.o)
 .debug_info    0x00002c75       0xb7 ../demo_de0_bsp//libhal_bsp.a(altera_nios2_qsys_irq.o)
 .debug_info    0x00002d2c       0x80 ../demo_de0_bsp//libhal_bsp.a(alt_exception_entry.o)

.debug_abbrev   0x00000000     0x12a7
 *(.debug_abbrev)
 .debug_abbrev  0x00000000       0x14 ../demo_de0_bsp//obj/HAL/src/crt0.o
 .debug_abbrev  0x00000014      0x225 obj/default/demo_de0.o
 .debug_abbrev  0x00000239      0x264 obj/default/pff/diskio.o
 .debug_abbrev  0x0000049d      0x206 obj/default/pff/pff.o
 .debug_abbrev  0x000006a3       0xe0 /opt/altera/11.1sp2/nios2eds/bin/gnu/H-i686-pc-linux-gnu/bin/../lib/gcc/nios2-elf/4.1.2/mno-hw-mul/libgcc.a(lib2-divmod.o)
 .debug_abbrev  0x00000783       0x7b /opt/altera/11.1sp2/nios2eds/bin/gnu/H-i686-pc-linux-gnu/bin/../lib/gcc/nios2-elf/4.1.2/mno-hw-mul/libgcc.a(lib2-mul.o)
 .debug_abbrev  0x000007fe      0x179 ../demo_de0_bsp//libhal_bsp.a(alt_alarm_start.o)
 .debug_abbrev  0x00000977      0x190 ../demo_de0_bsp//libhal_bsp.a(alt_irq_register.o)
 .debug_abbrev  0x00000b07       0x44 ../demo_de0_bsp//libhal_bsp.a(alt_irq_vars.o)
 .debug_abbrev  0x00000b4b       0xad ../demo_de0_bsp//libhal_bsp.a(alt_main.o)
 .debug_abbrev  0x00000bf8      0x170 ../demo_de0_bsp//libhal_bsp.a(alt_tick.o)
 .debug_abbrev  0x00000d68       0xea ../demo_de0_bsp//libhal_bsp.a(alt_sys_init.o)
 .debug_abbrev  0x00000e52       0xb9 ../demo_de0_bsp//libhal_bsp.a(altera_avalon_fifo_util.o)
 .debug_abbrev  0x00000f0b      0x163 ../demo_de0_bsp//libhal_bsp.a(m2vdd_hx8347a.o)
 .debug_abbrev  0x0000106e       0x80 ../demo_de0_bsp//libhal_bsp.a(m2vdec.o)
 .debug_abbrev  0x000010ee       0x12 ../demo_de0_bsp//libhal_bsp.a(alt_irq_entry.o)
 .debug_abbrev  0x00001100      0x131 ../demo_de0_bsp//libhal_bsp.a(alt_irq_handler.o)
 .debug_abbrev  0x00001231       0x64 ../demo_de0_bsp//libhal_bsp.a(altera_nios2_qsys_irq.o)
 .debug_abbrev  0x00001295       0x12 ../demo_de0_bsp//libhal_bsp.a(alt_exception_entry.o)

.debug_line     0x00000000     0x30ca
 *(.debug_line)
 .debug_line    0x00000000       0x51 ../demo_de0_bsp//obj/HAL/src/crt0.o
 .debug_line    0x00000051      0x473 obj/default/demo_de0.o
 .debug_line    0x000004c4      0x55d obj/default/pff/diskio.o
 .debug_line    0x00000a21      0x741 obj/default/pff/pff.o
 .debug_line    0x00001162      0x2c6 /opt/altera/11.1sp2/nios2eds/bin/gnu/H-i686-pc-linux-gnu/bin/../lib/gcc/nios2-elf/4.1.2/mno-hw-mul/libgcc.a(lib2-divmod.o)
 .debug_line    0x00001428      0x191 /opt/altera/11.1sp2/nios2eds/bin/gnu/H-i686-pc-linux-gnu/bin/../lib/gcc/nios2-elf/4.1.2/mno-hw-mul/libgcc.a(lib2-mul.o)
 .debug_line    0x000015b9      0x2c9 ../demo_de0_bsp//libhal_bsp.a(alt_alarm_start.o)
 .debug_line    0x00001882      0x2a0 ../demo_de0_bsp//libhal_bsp.a(alt_irq_register.o)
 .debug_line    0x00001b22       0x72 ../demo_de0_bsp//libhal_bsp.a(alt_irq_vars.o)
 .debug_line    0x00001b94      0x2e4 ../demo_de0_bsp//libhal_bsp.a(alt_main.o)
 .debug_line    0x00001e78      0x319 ../demo_de0_bsp//libhal_bsp.a(alt_tick.o)
 .debug_line    0x00002191      0x2f2 ../demo_de0_bsp//libhal_bsp.a(alt_sys_init.o)
 .debug_line    0x00002483      0x479 ../demo_de0_bsp//libhal_bsp.a(altera_avalon_fifo_util.o)
 .debug_line    0x000028fc      0x1db ../demo_de0_bsp//libhal_bsp.a(m2vdd_hx8347a.o)
 .debug_line    0x00002ad7       0x9a ../demo_de0_bsp//libhal_bsp.a(m2vdec.o)
 .debug_line    0x00002b71       0x6b ../demo_de0_bsp//libhal_bsp.a(alt_irq_entry.o)
 .debug_line    0x00002bdc      0x24e ../demo_de0_bsp//libhal_bsp.a(alt_irq_handler.o)
 .debug_line    0x00002e2a      0x1f5 ../demo_de0_bsp//libhal_bsp.a(altera_nios2_qsys_irq.o)
 .debug_line    0x0000301f       0xab ../demo_de0_bsp//libhal_bsp.a(alt_exception_entry.o)

.debug_frame    0x00000000      0x560
 *(.debug_frame)
 .debug_frame   0x00000000       0x50 obj/default/demo_de0.o
 .debug_frame   0x00000050       0xbc obj/default/pff/diskio.o
 .debug_frame   0x0000010c       0xe4 obj/default/pff/pff.o
 .debug_frame   0x000001f0       0x70 /opt/altera/11.1sp2/nios2eds/bin/gnu/H-i686-pc-linux-gnu/bin/../lib/gcc/nios2-elf/4.1.2/mno-hw-mul/libgcc.a(lib2-divmod.o)
 .debug_frame   0x00000260       0x20 /opt/altera/11.1sp2/nios2eds/bin/gnu/H-i686-pc-linux-gnu/bin/../lib/gcc/nios2-elf/4.1.2/mno-hw-mul/libgcc.a(lib2-mul.o)
 .debug_frame   0x00000280       0x20 ../demo_de0_bsp//libhal_bsp.a(alt_alarm_start.o)
 .debug_frame   0x000002a0       0x20 ../demo_de0_bsp//libhal_bsp.a(alt_irq_register.o)
 .debug_frame   0x000002c0       0x28 ../demo_de0_bsp//libhal_bsp.a(alt_main.o)
 .debug_frame   0x000002e8       0x3c ../demo_de0_bsp//libhal_bsp.a(alt_tick.o)
 .debug_frame   0x00000324       0x40 ../demo_de0_bsp//libhal_bsp.a(alt_sys_init.o)
 .debug_frame   0x00000364      0x164 ../demo_de0_bsp//libhal_bsp.a(altera_avalon_fifo_util.o)
 .debug_frame   0x000004c8       0x30 ../demo_de0_bsp//libhal_bsp.a(m2vdd_hx8347a.o)
 .debug_frame   0x000004f8       0x20 ../demo_de0_bsp//libhal_bsp.a(m2vdec.o)
 .debug_frame   0x00000518       0x28 ../demo_de0_bsp//libhal_bsp.a(alt_irq_handler.o)
 .debug_frame   0x00000540       0x20 ../demo_de0_bsp//libhal_bsp.a(altera_nios2_qsys_irq.o)

.debug_str      0x00000000      0xc2e
 *(.debug_str)
 .debug_str     0x00000000      0x283 obj/default/demo_de0.o
                                0x2f2 (size before relaxing)
 .debug_str     0x00000283      0x11c obj/default/pff/diskio.o
                                0x292 (size before relaxing)
 .debug_str     0x0000039f       0xc4 obj/default/pff/pff.o
                                0x298 (size before relaxing)
 .debug_str     0x00000463      0x110 /opt/altera/11.1sp2/nios2eds/bin/gnu/H-i686-pc-linux-gnu/bin/../lib/gcc/nios2-elf/4.1.2/mno-hw-mul/libgcc.a(lib2-divmod.o)
                                0x1b9 (size before relaxing)
 .debug_str     0x00000573       0x37 /opt/altera/11.1sp2/nios2eds/bin/gnu/H-i686-pc-linux-gnu/bin/../lib/gcc/nios2-elf/4.1.2/mno-hw-mul/libgcc.a(lib2-mul.o)
                                0x17a (size before relaxing)
 .debug_str     0x000005aa       0xeb ../demo_de0_bsp//libhal_bsp.a(alt_alarm_start.o)
                                0x253 (size before relaxing)
 .debug_str     0x00000695       0x70 ../demo_de0_bsp//libhal_bsp.a(alt_irq_register.o)
                                0x1bc (size before relaxing)
 .debug_str     0x00000705       0x17 ../demo_de0_bsp//libhal_bsp.a(alt_irq_vars.o)
                                0x103 (size before relaxing)
 .debug_str     0x0000071c       0x51 ../demo_de0_bsp//libhal_bsp.a(alt_main.o)
                                0x173 (size before relaxing)
 .debug_str     0x0000076d       0x4a ../demo_de0_bsp//libhal_bsp.a(alt_tick.o)
                                0x227 (size before relaxing)
 .debug_str     0x000007b7       0xf1 ../demo_de0_bsp//libhal_bsp.a(alt_sys_init.o)
                                0x225 (size before relaxing)
 .debug_str     0x000008a8      0x29d ../demo_de0_bsp//libhal_bsp.a(altera_avalon_fifo_util.o)
                                0x395 (size before relaxing)
 .debug_str     0x00000b45       0x53 ../demo_de0_bsp//libhal_bsp.a(m2vdd_hx8347a.o)
                                0x18e (size before relaxing)
 .debug_str     0x00000b98       0x21 ../demo_de0_bsp//libhal_bsp.a(m2vdec.o)
                                0x105 (size before relaxing)
 .debug_str     0x00000bb9       0x3a ../demo_de0_bsp//libhal_bsp.a(alt_irq_handler.o)
                                0x16c (size before relaxing)
 .debug_str     0x00000bf3       0x3b ../demo_de0_bsp//libhal_bsp.a(altera_nios2_qsys_irq.o)
                                0x139 (size before relaxing)

.debug_loc      0x00000000     0x13c7
 *(.debug_loc)
 .debug_loc     0x00000000      0x117 obj/default/demo_de0.o
 .debug_loc     0x00000117      0x377 obj/default/pff/diskio.o
 .debug_loc     0x0000048e      0x782 obj/default/pff/pff.o
 .debug_loc     0x00000c10      0x1d2 /opt/altera/11.1sp2/nios2eds/bin/gnu/H-i686-pc-linux-gnu/bin/../lib/gcc/nios2-elf/4.1.2/mno-hw-mul/libgcc.a(lib2-divmod.o)
 .debug_loc     0x00000de2       0x4f /opt/altera/11.1sp2/nios2eds/bin/gnu/H-i686-pc-linux-gnu/bin/../lib/gcc/nios2-elf/4.1.2/mno-hw-mul/libgcc.a(lib2-mul.o)
 .debug_loc     0x00000e31       0x31 ../demo_de0_bsp//libhal_bsp.a(alt_alarm_start.o)
 .debug_loc     0x00000e62       0x52 ../demo_de0_bsp//libhal_bsp.a(alt_irq_register.o)
 .debug_loc     0x00000eb4       0x1f ../demo_de0_bsp//libhal_bsp.a(alt_main.o)
 .debug_loc     0x00000ed3       0x71 ../demo_de0_bsp//libhal_bsp.a(alt_tick.o)
 .debug_loc     0x00000f44       0x51 ../demo_de0_bsp//libhal_bsp.a(alt_sys_init.o)
 .debug_loc     0x00000f95      0x357 ../demo_de0_bsp//libhal_bsp.a(altera_avalon_fifo_util.o)
 .debug_loc     0x000012ec       0x62 ../demo_de0_bsp//libhal_bsp.a(m2vdd_hx8347a.o)
 .debug_loc     0x0000134e       0x79 ../demo_de0_bsp//libhal_bsp.a(alt_irq_handler.o)

.debug_macinfo
 *(.debug_macinfo)

.debug_weaknames
 *(.debug_weaknames)

.debug_funcnames
 *(.debug_funcnames)

.debug_typenames
 *(.debug_typenames)

.debug_varnames
 *(.debug_varnames)

.debug_alt_sim_info
                0x00000000       0x10
 *(.debug_alt_sim_info)
 .debug_alt_sim_info
                0x00000000       0x10 ../demo_de0_bsp//obj/HAL/src/crt0.o
                0x01002000                __alt_data_end = 0x1002000
                0x01002000                PROVIDE (__alt_stack_pointer, __alt_data_end)
                0x01001b7c                PROVIDE (__alt_stack_limit, __alt_stack_base)
                0x01001b7c                PROVIDE (__alt_heap_start, end)
                0x01002000                PROVIDE (__alt_heap_limit, 0x1002000)
OUTPUT(demo_de0.elf elf32-littlenios2)

.debug_ranges   0x00000000      0x1e8
 .debug_ranges  0x00000000       0x50 obj/default/pff/diskio.o
 .debug_ranges  0x00000050      0x128 obj/default/pff/pff.o
 .debug_ranges  0x00000178       0x28 ../demo_de0_bsp//libhal_bsp.a(alt_irq_entry.o)
 .debug_ranges  0x000001a0       0x18 ../demo_de0_bsp//libhal_bsp.a(alt_irq_handler.o)
 .debug_ranges  0x000001b8       0x30 ../demo_de0_bsp//libhal_bsp.a(alt_exception_entry.o)
